Component: ARM Compiler 5.06 update 6 (build 750) Tool: armlink [4d35ed]

==============================================================================

Section Cross References

    main.o(i.gTMR_callback) refers to _printf_percent.o(.ARM.Collect$$_printf_percent$$00000000) for _printf_percent
    main.o(i.gTMR_callback) refers to _printf_d.o(.ARM.Collect$$_printf_percent$$00000009) for _printf_d
    main.o(i.gTMR_callback) refers to _printf_dec.o(.text) for _printf_int_dec
    main.o(i.gTMR_callback) refers to noretval__2printf.o(.text) for __2printf
    main.o(i.gTMR_callback) refers to main.o(.data) for cnt
    main.o(i.high_task) refers to noretval__2printf.o(.text) for __2printf
    main.o(i.high_task) refers to os_time.o(i.OSTimeDlyHMSM) for OSTimeDlyHMSM
    main.o(i.led_task) refers to noretval__2printf.o(.text) for __2printf
    main.o(i.led_task) refers to os_time.o(i.OSTimeDlyHMSM) for OSTimeDlyHMSM
    main.o(i.low_task) refers to os_tmr.o(i.OSTmrStart) for OSTmrStart
    main.o(i.low_task) refers to gpio.o(i.Key_Scan) for Key_Scan
    main.o(i.low_task) refers to noretval__2printf.o(.text) for __2printf
    main.o(i.low_task) refers to main.o(.bss) for gTMR
    main.o(i.main) refers to main.o(i.usr_my_init) for usr_my_init
    main.o(i.main) refers to cpu_a.o(.text) for CPU_SR_Save
    main.o(i.main) refers to cpu_core.o(i.CPU_IntDisMeasStart) for CPU_IntDisMeasStart
    main.o(i.main) refers to os_core.o(i.OS_SchedLockTimeMeasStart) for OS_SchedLockTimeMeasStart
    main.o(i.main) refers to cpu_core.o(i.CPU_IntDisMeasStop) for CPU_IntDisMeasStop
    main.o(i.main) refers to os_task.o(i.OSTaskCreate) for OSTaskCreate
    main.o(i.main) refers to os_core.o(i.OS_SchedLockTimeMeasStop) for OS_SchedLockTimeMeasStop
    main.o(i.main) refers to os_core.o(i.OS_Sched0) for OS_Sched0
    main.o(i.main) refers to os_core.o(i.OSStart) for OSStart
    main.o(i.main) refers to os_var.o(.data) for OSSchedLockNestingCtr
    main.o(i.main) refers to main.o(.bss) for START_TASK_STK
    main.o(i.main) refers to main.o(i.start_task) for start_task
    main.o(i.start_task) refers to cpu_core.o(i.CPU_Init) for CPU_Init
    main.o(i.start_task) refers to os_stat.o(i.OSStatTaskCPUUsageInit) for OSStatTaskCPUUsageInit
    main.o(i.start_task) refers to cpu_core.o(i.CPU_IntDisMeasMaxCurReset) for CPU_IntDisMeasMaxCurReset
    main.o(i.start_task) refers to os_core.o(i.OSSchedRoundRobinCfg) for OSSchedRoundRobinCfg
    main.o(i.start_task) refers to os_sem.o(i.OSSemCreate) for OSSemCreate
    main.o(i.start_task) refers to os_tmr.o(i.OSTmrCreate) for OSTmrCreate
    main.o(i.start_task) refers to cpu_a.o(.text) for CPU_SR_Save
    main.o(i.start_task) refers to cpu_core.o(i.CPU_IntDisMeasStart) for CPU_IntDisMeasStart
    main.o(i.start_task) refers to os_core.o(i.OS_SchedLockTimeMeasStart) for OS_SchedLockTimeMeasStart
    main.o(i.start_task) refers to cpu_core.o(i.CPU_IntDisMeasStop) for CPU_IntDisMeasStop
    main.o(i.start_task) refers to os_task.o(i.OSTaskCreate) for OSTaskCreate
    main.o(i.start_task) refers to os_task.o(i.OS_TaskSuspend) for OS_TaskSuspend
    main.o(i.start_task) refers to os_core.o(i.OS_SchedLockTimeMeasStop) for OS_SchedLockTimeMeasStop
    main.o(i.start_task) refers to os_core.o(i.OS_Sched0) for OS_Sched0
    main.o(i.start_task) refers to main.o(.bss) for gSEM
    main.o(i.start_task) refers to main.o(i.gTMR_callback) for gTMR_callback
    main.o(i.start_task) refers to os_var.o(.data) for OSSchedLockNestingCtr
    main.o(i.start_task) refers to main.o(i.led_task) for led_task
    main.o(i.start_task) refers to main.o(i.high_task) for high_task
    main.o(i.start_task) refers to main.o(i.low_task) for low_task
    main.o(i.usr_my_init) refers to delay.o(i.delay_init) for delay_init
    main.o(i.usr_my_init) refers to misc.o(i.NVIC_PriorityGroupConfig) for NVIC_PriorityGroupConfig
    main.o(i.usr_my_init) refers to usart.o(i.uart_init) for uart_init
    main.o(i.usr_my_init) refers to led.o(i.LED_Init) for LED_Init
    main.o(i.usr_my_init) refers to gpio.o(i.Usr_Gpio_Init) for Usr_Gpio_Init
    main.o(i.usr_my_init) refers to os_core.o(i.OSInit) for OSInit
    system_stm32f10x.o(i.SetSysClock) refers to system_stm32f10x.o(i.SetSysClockTo72) for SetSysClockTo72
    system_stm32f10x.o(i.SystemCoreClockUpdate) refers to system_stm32f10x.o(.data) for SystemCoreClock
    system_stm32f10x.o(i.SystemInit) refers to system_stm32f10x.o(i.SetSysClock) for SetSysClock
    startup_stm32f10x_md.o(STACK) refers (Special) to heapauxi.o(.text) for __use_two_region_memory
    startup_stm32f10x_md.o(HEAP) refers (Special) to heapauxi.o(.text) for __use_two_region_memory
    startup_stm32f10x_md.o(RESET) refers (Special) to heapauxi.o(.text) for __use_two_region_memory
    startup_stm32f10x_md.o(RESET) refers to startup_stm32f10x_md.o(STACK) for __initial_sp
[...]
    i.USART_ReceiveData                      0x08005824   Section        0  stm32f10x_usart.o(i.USART_ReceiveData)
    i.UsageFault_Handler                     0x0800582e   Section        0  stm32f10x_it.o(i.UsageFault_Handler)
    i.Usr_Gpio_Init                          0x08005834   Section        0  gpio.o(i.Usr_Gpio_Init)
    i._sys_exit                              0x08005880   Section        0  usart.o(i._sys_exit)
    i.delay_init                             0x08005888   Section        0  delay.o(i.delay_init)
    i.delay_ms                               0x080058f8   Section        0  delay.o(i.delay_ms)
    i.delay_osschedlock                      0x08005948   Section        0  delay.o(i.delay_osschedlock)
    i.delay_osschedunlock                    0x08005952   Section        0  delay.o(i.delay_osschedunlock)
    i.delay_ostimedly                        0x0800595c   Section        0  delay.o(i.delay_ostimedly)
    i.delay_us                               0x0800596c   Section        0  delay.o(i.delay_us)
    i.fputc                                  0x080059c8   Section        0  usart.o(i.fputc)
    i.gTMR_callback                          0x080059e4   Section        0  main.o(i.gTMR_callback)
    i.high_task                              0x08005a1c   Section        0  main.o(i.high_task)
    i.led_task                               0x08005a54   Section        0  main.o(i.led_task)
    i.low_task                               0x08005a9c   Section        0  main.o(i.low_task)
    i.main                                   0x08005ae8   Section        0  main.o(i.main)
    i.start_task                             0x08005bf8   Section        0  main.o(i.start_task)
    i.uart_init                              0x08005df4   Section        0  usart.o(i.uart_init)
    i.usr_my_init                            0x08005e94   Section        0  main.o(i.usr_my_init)
    .constdata                               0x08005ebc   Section      164  os_cfg_app.o(.constdata)
    .constdata                               0x08005f60   Section      364  os_dbg.o(.constdata)
    .data                                    0x20000000   Section        4  main.o(.data)
    cnt                                      0x20000000   Data           4  main.o(.data)
    .data                                    0x20000004   Section       20  system_stm32f10x.o(.data)
    .data                                    0x20000018   Section       20  stm32f10x_rcc.o(.data)
    APBAHBPrescTable                         0x20000018   Data          16  stm32f10x_rcc.o(.data)
    ADCPrescTable                            0x20000028   Data           4  stm32f10x_rcc.o(.data)
    .data                                    0x2000002c   Section        4  delay.o(.data)
    fac_us                                   0x2000002c   Data           1  delay.o(.data)
    fac_ms                                   0x2000002e   Data           2  delay.o(.data)
    .data                                    0x20000030   Section        6  usart.o(.data)
    .data                                    0x20000036   Section        1  gpio.o(.data)
    key_up                                   0x20000036   Data           1  gpio.o(.data)
    .data                                    0x20000038   Section       28  cpu_core.o(.data)
    .data                                    0x20000054   Section        4  os_cpu_c.o(.data)
    .data                                    0x20000058   Section        8  os_prio.o(.data)
    .data                                    0x20000060   Section      208  os_var.o(.data)
    .bss                                     0x20000130   Section     4476  main.o(.bss)
    .bss                                     0x200012ac   Section      200  usart.o(.bss)
    .bss                                     0x20001374   Section       16  cpu_core.o(.bss)
    .bss                                     0x20001384   Section     5264  os_cfg_app.o(.bss)
    .bss                                     0x20002814   Section     1780  os_var.o(.bss)
    .bss                                     0x20002f08   Section       96  libspace.o(.bss)
    HEAP                                     0x20002f68   Section      512  startup_stm32f10x_md.o(HEAP)
    Heap_Mem                                 0x20002f68   Data         512  startup_stm32f10x_md.o(HEAP)
    STACK                                    0x20003168   Section     1024  startup_stm32f10x_md.o(STACK)
    Stack_Mem                                0x20003168   Data        1024  startup_stm32f10x_md.o(STACK)
    __initial_sp                             0x20003568   Data           0  startup_stm32f10x_md.o(STACK)

    Global Symbols

    Symbol Name                              Value     Ov Type        Size  Object(Section)

    BuildAttributes$$THM_ISAv4$P$D$K$B$S$PE$A:L22UL41UL21$X:L11$S22US41US21$IEEE1$IW$USESV6$~STKCKD$USESV7$~SHL$OSPACE$ROPI$EBA8$UX$STANDARDLIB$REQ8$PRES8$EABIv2 0x00000000   Number         0  anon$$obj.o ABSOLUTE
    __ARM_use_no_argv                        0x00000000   Number         0  main.o ABSOLUTE
    __ARM_exceptions_init                     - Undefined Weak Reference
    __alloca_initialize                       - Undefined Weak Reference
    __arm_preinit_                            - Undefined Weak Reference
    __cpp_initialize__aeabi_                  - Undefined Weak Reference
    __cxa_finalize                            - Undefined Weak Reference
    __rt_locale                               - Undefined Weak Reference
    __sigvec_lookup                           - Undefined Weak Reference
    _atexit_init                              - Undefined Weak Reference
    _call_atexit_fns                          - Undefined Weak Reference
    _clock_init                               - Undefined Weak Reference
    _fp_trap_init                             - Undefined Weak Reference
    _fp_trap_shutdown                         - Undefined Weak Reference
    _get_lc_collate                           - Undefined Weak Reference
    _get_lc_ctype                             - Undefined Weak Reference
    _get_lc_monetary                          - Undefined Weak Reference
    _get_lc_numeric                           - Undefined Weak Reference
    _get_lc_time                              - Undefined Weak Reference
    _getenv_init                              - Undefined Weak Reference
    _handle_redirection                       - Undefined Weak Reference
    _init_alloc                               - Undefined Weak Reference
    _init_user_alloc                          - Undefined Weak Reference
    _initio                                   - Undefined Weak Reference
    _mutex_acquire                            - Undefined Weak Reference
    _mutex_release                            - Undefined Weak Reference
    _printf_post_padding                      - Undefined Weak Reference
    _printf_pre_padding                       - Undefined Weak Reference
    _printf_truncate_signed                   - Undefined Weak Reference
    _printf_truncate_unsigned                 - Undefined Weak Reference
    _rand_init                                - Undefined Weak Reference
    _signal_finish                            - Undefined Weak Reference
    _signal_init                              - Undefined Weak Reference
    _terminate_alloc                          - Undefined Weak Reference
    _terminate_user_alloc                     - Undefined Weak Reference
    _terminateio                              - Undefined Weak Reference
    __Vectors_Size                           0x000000ec   Number         0  startup_stm32f10x_md.o ABSOLUTE
    __Vectors                                0x08000000   Data           4  startup_stm32f10x_md.o(RESET)
    __Vectors_End                            0x080000ec   Data           0  startup_stm32f10x_md.o(RESET)
    __main                                   0x080000ed   Thumb Code     8  __main.o(!!!main)
    __scatterload                            0x080000f5   Thumb Code     0  __scatter.o(!!!scatter)
    __scatterload_rt2                        0x080000f5   Thumb Code    44  __scatter.o(!!!scatter)
    __scatterload_rt2_thumb_only             0x080000f5   Thumb Code     0  __scatter.o(!!!scatter)
    __scatterload_null                       0x08000103   Thumb Code     0  __scatter.o(!!!scatter)
    __decompress                             0x08000129   Thumb Code    90  __dczerorl2.o(!!dczerorl2)
    __decompress1                            0x08000129   Thumb Code     0  __dczerorl2.o(!!dczerorl2)
    __scatterload_zeroinit                   0x08000185   Thumb Code    28  __scatter_zi.o(!!handler_zi)
    _printf_d                                0x080001a1   Thumb Code     0  _printf_d.o(.ARM.Collect$$_printf_percent$$00000009)
    _printf_percent                          0x080001a1   Thumb Code     0  _printf_percent.o(.ARM.Collect$$_printf_percent$$00000000)
    _printf_percent_end                      0x080001a7   Thumb Code     0  _printf_percent_end.o(.ARM.Collect$$_printf_percent$$00000017)
    __rt_lib_init                            0x080001ab   Thumb Code     0  libinit.o(.ARM.Collect$$libinit$$00000000)
    __rt_lib_init_alloca_1                   0x080001ad   Thumb Code     0  libinit2.o(.ARM.Collect$$libinit$$0000002E)
    __rt_lib_init_argv_1                     0x080001ad   Thumb Code     0  libinit2.o(.ARM.Collect$$libinit$$0000002C)
    __rt_lib_init_atexit_1                   0x080001ad   Thumb Code     0  libinit2.o(.ARM.Collect$$libinit$$0000001B)
    __rt_lib_init_clock_1                    0x080001ad   Thumb Code     0  libinit2.o(.ARM.Collect$$libinit$$00000021)
    __rt_lib_init_cpp_1                      0x080001ad   Thumb Code     0  libinit2.o(.ARM.Collect$$libinit$$00000032)
    __rt_lib_init_exceptions_1               0x080001ad   Thumb Code     0  libinit2.o(.ARM.Collect$$libinit$$00000030)
    __rt_lib_init_fp_1                       0x080001ad   Thumb Code     0  libinit2.o(.ARM.Collect$$libinit$$00000002)
    __rt_lib_init_fp_trap_1                  0x080001ad   Thumb Code     0  libinit2.o(.ARM.Collect$$libinit$$0000001F)
    __rt_lib_init_getenv_1                   0x080001ad   Thumb Code     0  libinit2.o(.ARM.Collect$$libinit$$00000023)
    __rt_lib_init_heap_1                     0x080001ad   Thumb Code     0  libinit2.o(.ARM.Collect$$libinit$$0000000A)
    __rt_lib_init_lc_collate_1               0x080001ad   Thumb Code     0  libinit2.o(.ARM.Collect$$libinit$$00000011)
    __rt_lib_init_lc_ctype_1                 0x080001ad   Thumb Code     0  libinit2.o(.ARM.Collect$$libinit$$00000013)
    __rt_lib_init_lc_monetary_1              0x080001ad   Thumb Code     0  libinit2.o(.ARM.Collect$$libinit$$00000015)
    __rt_lib_init_lc_numeric_1               0x080001ad   Thumb Code     0  libinit2.o(.ARM.Collect$$libinit$$00000017)
    __rt_lib_init_lc_time_1                  0x080001ad   Thumb Code     0  libinit2.o(.ARM.Collect$$libinit$$00000019)
    __rt_lib_init_preinit_1                  0x080001ad   Thumb Code     0  libinit2.o(.ARM.Collect$$libinit$$00000004)
    __rt_lib_init_rand_1                     0x080001ad   Thumb Code     0  libinit2.o(.ARM.Collect$$libinit$$0000000E)
    __rt_lib_init_return                     0x080001ad   Thumb Code     0  libinit2.o(.ARM.Collect$$libinit$$00000033)
    __rt_lib_init_signal_1                   0x080001ad   Thumb Code     0  libinit2.o(.ARM.Collect$$libinit$$0000001D)
    __rt_lib_init_stdio_1                    0x080001ad   Thumb Code     0  libinit2.o(.ARM.Collect$$libinit$$00000025)
    __rt_lib_init_user_alloc_1               0x080001ad   Thumb Code     0  libinit2.o(.ARM.Collect$$libinit$$0000000C)
    __rt_lib_shutdown                        0x080001af   Thumb Code     0  libshutdown.o(.ARM.Collect$$libshutdown$$00000000)
    __rt_lib_shutdown_cpp_1                  0x080001b1   Thumb Code     0  libshutdown2.o(.ARM.Collect$$libshutdown$$00000002)
    __rt_lib_shutdown_fp_trap_1              0x080001b1   Thumb Code     0  libshutdown2.o(.ARM.Collect$$libshutdown$$00000007)
    __rt_lib_shutdown_heap_1                 0x080001b1   Thumb Code     0  libshutdown2.o(.ARM.Collect$$libshutdown$$0000000F)
    __rt_lib_shutdown_return                 0x080001b1   Thumb Code     0  libshutdown2.o(.ARM.Collect$$libshutdown$$00000010)
    __rt_lib_shutdown_signal_1               0x080001b1   Thumb Code     0  libshutdown2.o(.ARM.Collect$$libshutdown$$0000000A)
    __rt_lib_shutdown_stdio_1                0x080001b1   Thumb Code     0  libshutdown2.o(.ARM.Collect$$libshutdown$$00000004)
    __rt_lib_shutdown_user_alloc_1           0x080001b1   Thumb Code     0  libshutdown2.o(.ARM.Collect$$libshutdown$$0000000C)
    __rt_entry                               0x080001b3   Thumb Code     0  __rtentry.o(.ARM.Collect$$rtentry$$00000000)
    __rt_entry_presh_1                       0x080001b3   Thumb Code     0  __rtentry2.o(.ARM.Collect$$rtentry$$00000002)
    __rt_entry_sh                            0x080001b3   Thumb Code     0  __rtentry4.o(.ARM.Collect$$rtentry$$00000004)
    __rt_entry_li                            0x080001b9   Thumb Code     0  __rtentry2.o(.ARM.Collect$$rtentry$$0000000A)
    __rt_entry_postsh_1                      0x080001b9   Thumb Code     0  __rtentry2.o(.ARM.Collect$$rtentry$$00000009)
    __rt_entry_main                          0x080001bd   Thumb Code     0  __rtentry2.o(.ARM.Collect$$rtentry$$0000000D)
    __rt_entry_postli_1                      0x080001bd   Thumb Code     0  __rtentry2.o(.ARM.Collect$$rtentry$$0000000C)
    __rt_exit                                0x080001c5   Thumb Code     0  rtexit.o(.ARM.Collect$$rtexit$$00000000)
    __rt_exit_ls                             0x080001c7   Thumb Code     0  rtexit2.o(.ARM.Collect$$rtexit$$00000003)
    __rt_exit_prels_1                        0x080001c7   Thumb Code     0  rtexit2.o(.ARM.Collect$$rtexit$$00000002)
    __rt_exit_exit                           0x080001cb   Thumb Code     0  rtexit2.o(.ARM.Collect$$rtexit$$00000004)
    Reset_Handler                            0x080001d1   Thumb Code     8  startup_stm32f10x_md.o(.text)
    ADC1_2_IRQHandler                        0x080001eb   Thumb Code     0  startup_stm32f10x_md.o(.text)
    CAN1_RX1_IRQHandler                      0x080001eb   Thumb Code     0  startup_stm32f10x_md.o(.text)
    CAN1_SCE_IRQHandler                      0x080001eb   Thumb Code     0  startup_stm32f10x_md.o(.text)
    DMA1_Channel1_IRQHandler                 0x080001eb   Thumb Code     0  startup_stm32f10x_md.o(.text)
    DMA1_Channel2_IRQHandler                 0x080001eb   Thumb Code     0  startup_stm32f10x_md.o(.text)
    DMA1_Channel3_IRQHandler                 0x080001eb   Thumb Code     0  startup_stm32f10x_md.o(.text)
    DMA1_Channel4_IRQHandler                 0x080001eb   Thumb Code     0  startup_stm32f10x_md.o(.text)
    DMA1_Channel5_IRQHandler                 0x080001eb   Thumb Code     0  startup_stm32f10x_md.o(.text)
    DMA1_Channel6_IRQHandler                 0x080001eb   Thumb Code     0  startup_stm32f10x_md.o(.text)
    DMA1_Channel7_IRQHandler                 0x080001eb   Thumb Code     0  startup_stm32f10x_md.o(.text)
    EXTI0_IRQHandler                         0x080001eb   Thumb Code     0  startup_stm32f10x_md.o(.text)
    EXTI15_10_IRQHandler                     0x080001eb   Thumb Code     0  startup_stm32f10x_md.o(.text)
    EXTI1_IRQHandler                         0x080001eb   Thumb Code     0  startup_stm32f10x_md.o(.text)
    EXTI2_IRQHandler                         0x080001eb   Thumb Code     0  startup_stm32f10x_md.o(.text)
    EXTI3_IRQHandler                         0x080001eb   Thumb Code     0  startup_stm32f10x_md.o(.text)
    EXTI4_IRQHandler                         0x080001eb   Thumb Code     0  startup_stm32f10x_md.o(.text)
    EXTI9_5_IRQHandler                       0x080001eb   Thumb Code     0  startup_stm32f10x_md.o(.text)
    FLASH_IRQHandler                         0x080001eb   Thumb Code     0  startup_stm32f10x_md.o(.text)
    I2C1_ER_IRQHandler                       0x080001eb   Thumb Code     0  startup_stm32f10x_md.o(.text)
    I2C1_EV_IRQHandler                       0x080001eb   Thumb Code     0  startup_stm32f10x_md.o(.text)
    I2C2_ER_IRQHandler                       0x080001eb   Thumb Code     0  startup_stm32f10x_md.o(.text)
    I2C2_EV_IRQHandler                       0x080001eb   Thumb Code     0  startup_stm32f10x_md.o(.text)
    PVD_IRQHandler                           0x080001eb   Thumb Code     0  startup_stm32f10x_md.o(.text)
    RCC_IRQHandler                           0x080001eb   Thumb Code     0  startup_stm32f10x_md.o(.text)
    RTCAlarm_IRQHandler                      0x080001eb   Thumb Code     0  startup_stm32f10x_md.o(.text)
    RTC_IRQHandler                           0x080001eb   Thumb Code     0  startup_stm32f10x_md.o(.text)
    SPI1_IRQHandler                          0x080001eb   Thumb Code     0  startup_stm32f10x_md.o(.text)
    SPI2_IRQHandler                          0x080001eb   Thumb Code     0  startup_stm32f10x_md.o(.text)
    TAMPER_IRQHandler                        0x080001eb   Thumb Code     0  startup_stm32f10x_md.o(.text)
    TIM1_BRK_IRQHandler                      0x080001eb   Thumb Code     0  startup_stm32f10x_md.o(.text)
    TIM1_CC_IRQHandler                       0x080001eb   Thumb Code     0  startup_stm32f10x_md.o(.text)
    TIM1_TRG_COM_IRQHandler                  0x080001eb   Thumb Code     0  startup_stm32f10x_md.o(.text)
    TIM1_UP_IRQHandler                       0x080001eb   Thumb Code     0  startup_stm32f10x_md.o(.text)
    TIM2_IRQHandler                          0x080001eb   Thumb Code     0  startup_stm32f10x_md.o(.text)
    TIM3_IRQHandler                          0x080001eb   Thumb Code     0  startup_stm32f10x_md.o(.text)
    TIM4_IRQHandler                          0x080001eb   Thumb Code     0  startup_stm32f10x_md.o(.text)
    USART2_IRQHandler                        0x080001eb   Thumb Code     0  startup_stm32f10x_md.o(.text)
    USART3_IRQHandler                        0x080001eb   Thumb Code     0  startup_stm32f10x_md.o(.text)
    USBWakeUp_IRQHandler                     0x080001eb   Thumb Code     0  startup_stm32f10x_md.o(.text)
    USB_HP_CAN1_TX_IRQHandler                0x080001eb   Thumb Code     0  startup_stm32f10x_md.o(.text)
    USB_LP_CAN1_RX0_IRQHandler               0x080001eb   Thumb Code     0  startup_stm32f10x_md.o(.text)
    WWDG_IRQHandler                          0x080001eb   Thumb Code     0  startup_stm32f10x_md.o(.text)
    __user_initial_stackheap                 0x080001ed   Thumb Code     0  startup_stm32f10x_md.o(.text)
    CPU_IntDis                               0x08000211   Thumb Code     0  cpu_a.o(.text)
    CPU_IntEn                                0x08000215   Thumb Code     0  cpu_a.o(.text)
    CPU_SR_Save                              0x08000219   Thumb Code     0  cpu_a.o(.text)
    CPU_SR_Restore                           0x08000221   Thumb Code     0  cpu_a.o(.text)
    CPU_WaitForInt                           0x08000227   Thumb Code     0  cpu_a.o(.text)
    CPU_WaitForExcept                        0x0800022b   Thumb Code     0  cpu_a.o(.text)
    CPU_CntLeadZeros                         0x0800022f   Thumb Code     0  cpu_a.o(.text)
    CPU_CntTrailZeros                        0x08000235   Thumb Code     0  cpu_a.o(.text)
    CPU_RevBits                              0x0800023f   Thumb Code     0  cpu_a.o(.text)
    __use_no_semihosting                     0x08000245   Thumb Code     2  use_no_semi_2.o(.text)
    __2printf                                0x08000249   Thumb Code    20  noretval__2printf.o(.text)
    __printf                                 0x08000261   Thumb Code   104  __printf.o(.text)
    _printf_int_dec                          0x080002c9   Thumb Code   104  _printf_dec.o(.text)
    __use_two_region_memory                  0x08000341   Thumb Code     2  heapauxi.o(.text)
    __rt_heap_escrow$2region                 0x08000343   Thumb Code     2  heapauxi.o(.text)
    __rt_heap_expand$2region                 0x08000345   Thumb Code     2  heapauxi.o(.text)
    __I$use$semihosting                      0x08000347   Thumb Code     0  use_no_semi.o(.text)
    __use_no_semihosting_swi                 0x08000347   Thumb Code     2  use_no_semi.o(.text)
    _printf_int_common                       0x08000349   Thumb Code   178  _printf_intcommon.o(.text)
    _printf_char_file                        0x080003fd   Thumb Code    32  _printf_char_file.o(.text)
    _printf_char_common                      0x0800042b   Thumb Code    32  _printf_char_common.o(.text)
    ferror                                   0x08000451   Thumb Code     8  ferror.o(.text)
    __user_setup_stackheap                   0x08000459   Thumb Code    74  sys_stackheap_outer.o(.text)
    exit                                     0x080004a3   Thumb Code    18  exit.o(.text)
    __user_libspace                          0x080004b5   Thumb Code     8  libspace.o(.text)
    __user_perproc_libspace                  0x080004b5   Thumb Code     0  libspace.o(.text)
    __user_perthread_libspace                0x080004b5   Thumb Code     0  libspace.o(.text)
    OSStartHighRdy                           0x080004bd   Thumb Code     0  os_cpu_a.o(CODE)
    PendSV_Handler                           0x080004f3   Thumb Code     0  os_cpu_a.o(CODE)
    BSP_CPU_ClkFreq                          0x08000555   Thumb Code    16  bsp.o(i.BSP_CPU_ClkFreq)
    BusFault_Handler                         0x08000565   Thumb Code     4  stm32f10x_it.o(i.BusFault_Handler)
    CPU_Init                                 0x08000569   Thumb Code    16  cpu_core.o(i.CPU_Init)
    CPU_IntDisMeasMaxCurGet                  0x08000619   Thumb Code    40  cpu_core.o(i.CPU_IntDisMeasMaxCurGet)
    CPU_IntDisMeasMaxCurReset                0x08000645   Thumb Code    40  cpu_core.o(i.CPU_IntDisMeasMaxCurReset)
    CPU_IntDisMeasMaxGet                     0x08000671   Thumb Code    40  cpu_core.o(i.CPU_IntDisMeasMaxGet)
    CPU_IntDisMeasStart                      0x0800069d   Thumb Code    38  cpu_core.o(i.CPU_IntDisMeasStart)
    CPU_IntDisMeasStop                       0x080006d1   Thumb Code    62  cpu_core.o(i.CPU_IntDisMeasStop)
    CPU_NameClr                              0x08000725   Thumb Code    50  cpu_core.o(i.CPU_NameClr)
    CPU_TS_TmrFreqSet                        0x08000779   Thumb Code     6  cpu_core.o(i.CPU_TS_TmrFreqSet)
    CPU_TS_TmrInit                           0x08000785   Thumb Code    44  bsp.o(i.CPU_TS_TmrInit)
    CPU_TS_TmrRd                             0x080007b9   Thumb Code     6  bsp.o(i.CPU_TS_TmrRd)
    DebugMon_Handler                         0x080007c5   Thumb Code     2  stm32f10x_it.o(i.DebugMon_Handler)
    GPIO_Init                                0x080007c7   Thumb Code   278  stm32f10x_gpio.o(i.GPIO_Init)
    GPIO_ReadInputDataBit                    0x080008dd   Thumb Code    18  stm32f10x_gpio.o(i.GPIO_ReadInputDataBit)
    GPIO_ResetBits                           0x080008ef   Thumb Code     4  stm32f10x_gpio.o(i.GPIO_ResetBits)
    GPIO_SetBits                             0x080008f3   Thumb Code     4  stm32f10x_gpio.o(i.GPIO_SetBits)
    HardFault_Handler                        0x080008f7   Thumb Code     4  stm32f10x_it.o(i.HardFault_Handler)
    Key_Scan                                 0x080008fd   Thumb Code    80  gpio.o(i.Key_Scan)
    LED_Init                                 0x08000955   Thumb Code    50  led.o(i.LED_Init)
    MemManage_Handler                        0x0800098d   Thumb Code     4  stm32f10x_it.o(i.MemManage_Handler)
    Mem_Clr                                  0x08000991   Thumb Code    18  lib_mem.o(i.Mem_Clr)
    Mem_Set                                  0x080009a3   Thumb Code    98  lib_mem.o(i.Mem_Set)
    NMI_Handler                              0x08000a05   Thumb Code     2  stm32f10x_it.o(i.NMI_Handler)
    NVIC_Init                                0x08000a09   Thumb Code   100  misc.o(i.NVIC_Init)
    NVIC_PriorityGroupConfig                 0x08000a79   Thumb Code    10  misc.o(i.NVIC_PriorityGroupConfig)
    OSCfg_Init                               0x08000a8d   Thumb Code     2  os_cfg_app.o(i.OSCfg_Init)
    OSIdleTaskHook                           0x08000a91   Thumb Code    16  os_cpu_c.o(i.OSIdleTaskHook)
    OSInit                                   0x08000aa5   Thumb Code   300  os_core.o(i.OSInit)
    OSInitHook                               0x08000c31   Thumb Code    42  os_cpu_c.o(i.OSInitHook)
    OSIntEnter                               0x08000c69   Thumb Code    34  os_core.o(i.OSIntEnter)
    OSIntExit                                0x08000c95   Thumb Code   192  os_core.o(i.OSIntExit)
    OSSched                                  0x08000d79   Thumb Code   134  os_core.o(i.OSSched)
    OSSchedLock                              0x08000e21   Thumb Code   112  os_core.o(i.OSSchedLock)
    OSSchedRoundRobinCfg                     0x08000e9d   Thumb Code    96  os_core.o(i.OSSchedRoundRobinCfg)
    OSSchedUnlock                            0x08000f09   Thumb Code   148  os_core.o(i.OSSchedUnlock)
    OSSemCreate                              0x08000fa9   Thumb Code   210  os_sem.o(i.OSSemCreate)
    OSStart                                  0x0800108d   Thumb Code    78  os_core.o(i.OSStart)
    OSStatReset                              0x080010f5   Thumb Code   316  os_stat.o(i.OSStatReset)
    OSStatTaskCPUUsageInit                   0x0800125d   Thumb Code   228  os_stat.o(i.OSStatTaskCPUUsageInit)
    OSStatTaskHook                           0x0800135d   Thumb Code    16  os_cpu_c.o(i.OSStatTaskHook)
    OSTaskCreate                             0x08001371   Thumb Code   624  os_task.o(i.OSTaskCreate)
    OSTaskCreateHook                         0x08001605   Thumb Code    20  os_cpu_c.o(i.OSTaskCreateHook)
    OSTaskDel                                0x0800161d   Thumb Code   490  os_task.o(i.OSTaskDel)
    OSTaskDelHook                            0x08001825   Thumb Code    20  os_cpu_c.o(i.OSTaskDelHook)
    OSTaskResume                             0x0800183d   Thumb Code   124  os_task.o(i.OSTaskResume)
    OSTaskReturnHook                         0x080018c5   Thumb Code    20  os_cpu_c.o(i.OSTaskReturnHook)
    OSTaskSemPend                            0x080018dd   Thumb Code   578  os_task.o(i.OSTaskSemPend)
    OSTaskStkChk                             0x08001b2d   Thumb Code   220  os_task.o(i.OSTaskStkChk)
    OSTaskStkInit                            0x08001c11   Thumb Code   188  os_cpu_c.o(i.OSTaskStkInit)
    OSTaskSuspend                            0x08001cd1   Thumb Code    78  os_task.o(i.OSTaskSuspend)
    OSTaskSwHook                             0x08001d31   Thumb Code   146  os_cpu_c.o(i.OSTaskSwHook)
    OSTimeDly                                0x08001dd5   Thumb Code   322  os_time.o(i.OSTimeDly)
    OSTimeDlyHMSM                            0x08001f25   Thumb Code   538  os_time.o(i.OSTimeDlyHMSM)
    OSTimeTick                               0x08002151   Thumb Code    54  os_time.o(i.OSTimeTick)
    OSTimeTickHook                           0x08002195   Thumb Code    16  os_cpu_c.o(i.OSTimeTickHook)
    OSTmrCreate                              0x080021a9   Thumb Code   286  os_tmr.o(i.OSTmrCreate)
    OSTmrStart                               0x080022d9   Thumb Code   170  os_tmr.o(i.OSTmrStart)
    OS_Dbg_Init                              0x0800238d   Thumb Code   150  os_dbg.o(i.OS_Dbg_Init)
    OS_FlagInit                              0x08002541   Thumb Code    14  os_flag.o(i.OS_FlagInit)
    OS_FlagPost                              0x08002559   Thumb Code   626  os_flag.o(i.OS_FlagPost)
    OS_FlagTaskRdy                           0x080027d5   Thumb Code    86  os_flag.o(i.OS_FlagTaskRdy)
    OS_IdleTask                              0x0800282d   Thumb Code    68  os_core.o(i.OS_IdleTask)
    OS_IdleTaskInit                          0x08002879   Thumb Code    66  os_core.o(i.OS_IdleTaskInit)
    OS_IntQPost                              0x080028e9   Thumb Code   224  os_int.o(i.OS_IntQPost)
    OS_IntQRePost                            0x080029ed   Thumb Code   360  os_int.o(i.OS_IntQRePost)
    OS_IntQTask                              0x08002b91   Thumb Code   182  os_int.o(i.OS_IntQTask)
    OS_IntQTaskInit                          0x08002c59   Thumb Code   206  os_int.o(i.OS_IntQTaskInit)
    OS_MemInit                               0x08002d81   Thumb Code    14  os_mem.o(i.OS_MemInit)
    OS_MsgPoolInit                           0x08002d99   Thumb Code   110  os_msg.o(i.OS_MsgPoolInit)
    OS_MsgQFreeAll                           0x08002e15   Thumb Code    62  os_msg.o(i.OS_MsgQFreeAll)
    OS_MsgQInit                              0x08002e59   Thumb Code    14  os_msg.o(i.OS_MsgQInit)
    OS_MsgQPut                               0x08002e69   Thumb Code   254  os_msg.o(i.OS_MsgQPut)
    OS_MutexInit                             0x08002f6d   Thumb Code    14  os_mutex.o(i.OS_MutexInit)
    OS_Pend                                  0x08002f85   Thumb Code    98  os_core.o(i.OS_Pend)
    OS_PendDataInit                          0x08002fed   Thumb Code    38  os_core.o(i.OS_PendDataInit)
    OS_PendDbgNameAdd                        0x08003015   Thumb Code    66  os_core.o(i.OS_PendDbgNameAdd)
    OS_PendDbgNameRemove                     0x08003071   Thumb Code    30  os_core.o(i.OS_PendDbgNameRemove)
    OS_PendListInit                          0x08003095   Thumb Code    10  os_core.o(i.OS_PendListInit)
    OS_PendListInsertPrio                    0x0800309f   Thumb Code   102  os_core.o(i.OS_PendListInsertPrio)
    OS_PendListRemove                        0x08003105   Thumb Code    48  os_core.o(i.OS_PendListRemove)
    OS_PendListRemove1                       0x08003135   Thumb Code    66  os_core.o(i.OS_PendListRemove1)
    OS_Post                                  0x08003177   Thumb Code   192  os_core.o(i.OS_Post)
    OS_Post1                                 0x08003237   Thumb Code    42  os_core.o(i.OS_Post1)
    OS_PrioGetHighest                        0x08003261   Thumb Code    36  os_prio.o(i.OS_PrioGetHighest)
    OS_PrioInit                              0x08003289   Thumb Code    20  os_prio.o(i.OS_PrioInit)
    OS_PrioInsert                            0x080032a1   Thumb Code    32  os_prio.o(i.OS_PrioInsert)
    OS_PrioRemove                            0x080032c5   Thumb Code    32  os_prio.o(i.OS_PrioRemove)
    OS_QInit                                 0x080032e9   Thumb Code    14  os_q.o(i.OS_QInit)
    OS_QPost                                 0x08003301   Thumb Code   382  os_q.o(i.OS_QPost)
    OS_RdyListInit                           0x08003489   Thumb Code    32  os_core.o(i.OS_RdyListInit)
    OS_RdyListInsert                         0x080034ad   Thumb Code    40  os_core.o(i.OS_RdyListInsert)
    OS_RdyListInsertHead                     0x080034d9   Thumb Code    58  os_core.o(i.OS_RdyListInsertHead)
    OS_RdyListInsertTail                     0x08003519   Thumb Code    56  os_core.o(i.OS_RdyListInsertTail)
    OS_RdyListMoveHeadToTail                 0x08003555   Thumb Code    68  os_core.o(i.OS_RdyListMoveHeadToTail)
    OS_RdyListRemove                         0x08003599   Thumb Code    86  os_core.o(i.OS_RdyListRemove)
    OS_Sched0                                0x080035f5   Thumb Code    72  os_core.o(i.OS_Sched0)
    OS_SchedLockTimeMeasStart                0x08003651   Thumb Code    20  os_core.o(i.OS_SchedLockTimeMeasStart)
    OS_SchedLockTimeMeasStop                 0x0800366d   Thumb Code    44  os_core.o(i.OS_SchedLockTimeMeasStop)
    OS_SchedRoundRobin                       0x080036a9   Thumb Code   218  os_core.o(i.OS_SchedRoundRobin)
    OS_SemDbgListAdd                         0x08003795   Thumb Code    38  os_sem.o(i.OS_SemDbgListAdd)
    OS_SemInit                               0x080037c5   Thumb Code    14  os_sem.o(i.OS_SemInit)
    OS_SemPost                               0x080037dd   Thumb Code   404  os_sem.o(i.OS_SemPost)
    OS_StatTask                              0x08003975   Thumb Code   878  os_stat.o(i.OS_StatTask)
    OS_StatTaskInit                          0x08003d2d   Thumb Code   136  os_stat.o(i.OS_StatTaskInit)
    OS_TaskBlock                             0x08003df9   Thumb Code    56  os_core.o(i.OS_TaskBlock)
    OS_TaskDbgListAdd                        0x08003e31   Thumb Code    42  os_task.o(i.OS_TaskDbgListAdd)
    OS_TaskDbgListRemove                     0x08003e61   Thumb Code    64  os_task.o(i.OS_TaskDbgListRemove)
    OS_TaskInit                              0x08003ea5   Thumb Code    18  os_task.o(i.OS_TaskInit)
    OS_TaskInitTCB                           0x08003ec5   Thumb Code   194  os_task.o(i.OS_TaskInitTCB)
    OS_TaskQPost                             0x08003f95   Thumb Code   606  os_task.o(i.OS_TaskQPost)
    OS_TaskRdy                               0x08004201   Thumb Code    28  os_core.o(i.OS_TaskRdy)
    OS_TaskResume                            0x0800421d   Thumb Code   374  os_task.o(i.OS_TaskResume)
    OS_TaskReturn                            0x08004399   Thumb Code    20  os_task.o(i.OS_TaskReturn)
    OS_TaskSemPost                           0x080043b1   Thumb Code  1438  os_task.o(i.OS_TaskSemPost)
    OS_TaskSuspend                           0x08004959   Thumb Code   392  os_task.o(i.OS_TaskSuspend)
    OS_TickListInit                          0x08004ae9   Thumb Code    32  os_tick.o(i.OS_TickListInit)
    OS_TickListInsert                        0x08004b11   Thumb Code   430  os_tick.o(i.OS_TickListInsert)
    OS_TickListRemove                        0x08004ccd   Thumb Code    56  os_tick.o(i.OS_TickListRemove)
    OS_TickListResetPeak                     0x08004d05   Thumb Code    28  os_tick.o(i.OS_TickListResetPeak)
    OS_TickListUpdate                        0x08004d29   Thumb Code   520  os_tick.o(i.OS_TickListUpdate)
    OS_TickTask                              0x08004f49   Thumb Code    38  os_tick.o(i.OS_TickTask)
    OS_TickTaskInit                          0x08004f75   Thumb Code   128  os_tick.o(i.OS_TickTaskInit)
    OS_TmrDbgListAdd                         0x0800502d   Thumb Code    34  os_tmr.o(i.OS_TmrDbgListAdd)
    OS_TmrInit                               0x08005055   Thumb Code   206  os_tmr.o(i.OS_TmrInit)
    OS_TmrLink                               0x0800517d   Thumb Code   196  os_tmr.o(i.OS_TmrLink)
    OS_TmrResetPeak                          0x0800524d   Thumb Code    28  os_tmr.o(i.OS_TmrResetPeak)
    OS_TmrTask                               0x08005271   Thumb Code   176  os_tmr.o(i.OS_TmrTask)
    OS_TmrUnlink                             0x08005331   Thumb Code    72  os_tmr.o(i.OS_TmrUnlink)
    RCC_APB2PeriphClockCmd                   0x08005381   Thumb Code    26  stm32f10x_rcc.o(i.RCC_APB2PeriphClockCmd)
    RCC_GetClocksFreq                        0x080053a1   Thumb Code   192  stm32f10x_rcc.o(i.RCC_GetClocksFreq)
    SVC_Handler                              0x08005475   Thumb Code     2  stm32f10x_it.o(i.SVC_Handler)
    SysTick_CLKSourceConfig                  0x08005561   Thumb Code    40  misc.o(i.SysTick_CLKSourceConfig)
    SysTick_Handler                          0x08005589   Thumb Code    24  delay.o(i.SysTick_Handler)
    SystemInit                               0x080055a5   Thumb Code    78  system_stm32f10x.o(i.SystemInit)
    USART1_IRQHandler                        0x08005605   Thumb Code   130  usart.o(i.USART1_IRQHandler)
    USART_Cmd                                0x08005695   Thumb Code    24  stm32f10x_usart.o(i.USART_Cmd)
    USART_GetITStatus                        0x080056ad   Thumb Code    84  stm32f10x_usart.o(i.USART_GetITStatus)
    USART_ITConfig                           0x08005701   Thumb Code    74  stm32f10x_usart.o(i.USART_ITConfig)
    USART_Init                               0x0800574d   Thumb Code   210  stm32f10x_usart.o(i.USART_Init)
    USART_ReceiveData                        0x08005825   Thumb Code    10  stm32f10x_usart.o(i.USART_ReceiveData)
    UsageFault_Handler                       0x0800582f   Thumb Code     4  stm32f10x_it.o(i.UsageFault_Handler)
    Usr_Gpio_Init                            0x08005835   Thumb Code    72  gpio.o(i.Usr_Gpio_Init)
    _sys_exit                                0x08005881   Thumb Code     6  usart.o(i._sys_exit)
    delay_init                               0x08005889   Thumb Code    92  delay.o(i.delay_init)
    delay_ms                                 0x080058f9   Thumb Code    66  delay.o(i.delay_ms)
    delay_osschedlock                        0x08005949   Thumb Code    10  delay.o(i.delay_osschedlock)
    delay_osschedunlock                      0x08005953   Thumb Code    10  delay.o(i.delay_osschedunlock)
    delay_ostimedly                          0x0800595d   Thumb Code    16  delay.o(i.delay_ostimedly)
    delay_us                                 0x0800596d   Thumb Code    86  delay.o(i.delay_us)
    fputc                                    0x080059c9   Thumb Code    24  usart.o(i.fputc)
    gTMR_callback                            0x080059e5   Thumb Code    28  main.o(i.gTMR_callback)
    high_task                                0x08005a1d   Thumb Code    32  main.o(i.high_task)
    led_task                                 0x08005a55   Thumb Code    44  main.o(i.led_task)
    low_task                                 0x08005a9d   Thumb Code    44  main.o(i.low_task)
    main                                     0x08005ae9   Thumb Code   238  main.o(i.main)
    start_task                               0x08005bf9   Thumb Code   398  main.o(i.start_task)
    uart_init                                0x08005df5   Thumb Code   152  usart.o(i.uart_init)
    usr_my_init                              0x08005e95   Thumb Code    38  main.o(i.usr_my_init)
    OSCfg_IdleTaskStkBasePtr                 0x08005ebc   Data           4  os_cfg_app.o(.constdata)
    OSCfg_IdleTaskStkLimit                   0x08005ec0   Data           4  os_cfg_app.o(.constdata)
    OSCfg_IdleTaskStkSize                    0x08005ec4   Data           4  os_cfg_app.o(.constdata)
    OSCfg_IdleTaskStkSizeRAM                 0x08005ec8   Data           4  os_cfg_app.o(.constdata)
    OSCfg_IntQBasePtr                        0x08005ecc   Data           4  os_cfg_app.o(.constdata)
    OSCfg_IntQSize                           0x08005ed0   Data           2  os_cfg_app.o(.constdata)
    OSCfg_IntQSizeRAM                        0x08005ed4   Data           4  os_cfg_app.o(.constdata)
    OSCfg_IntQTaskStkBasePtr                 0x08005ed8   Data           4  os_cfg_app.o(.constdata)
    OSCfg_IntQTaskStkLimit                   0x08005edc   Data           4  os_cfg_app.o(.constdata)
    OSCfg_IntQTaskStkSize                    0x08005ee0   Data           4  os_cfg_app.o(.constdata)
    OSCfg_IntQTaskStkSizeRAM                 0x08005ee4   Data           4  os_cfg_app.o(.constdata)
    OSCfg_ISRStkBasePtr                      0x08005ee8   Data           4  os_cfg_app.o(.constdata)
    OSCfg_ISRStkSize                         0x08005eec   Data           4  os_cfg_app.o(.constdata)
    OSCfg_ISRStkSizeRAM                      0x08005ef0   Data           4  os_cfg_app.o(.constdata)
    OSCfg_MsgPoolSize                        0x08005ef4   Data           2  os_cfg_app.o(.constdata)
    OSCfg_MsgPoolSizeRAM                     0x08005ef8   Data           4  os_cfg_app.o(.constdata)
    OSCfg_MsgPoolBasePtr                     0x08005efc   Data           4  os_cfg_app.o(.constdata)
    OSCfg_StatTaskPrio                       0x08005f00   Data           1  os_cfg_app.o(.constdata)
    OSCfg_StatTaskRate_Hz                    0x08005f04   Data           4  os_cfg_app.o(.constdata)
    OSCfg_StatTaskStkBasePtr                 0x08005f08   Data           4  os_cfg_app.o(.constdata)
    OSCfg_StatTaskStkLimit                   0x08005f0c   Data           4  os_cfg_app.o(.constdata)
    OSCfg_StatTaskStkSize                    0x08005f10   Data           4  os_cfg_app.o(.constdata)
    OSCfg_StatTaskStkSizeRAM                 0x08005f14   Data           4  os_cfg_app.o(.constdata)
    OSCfg_StkSizeMin                         0x08005f18   Data           4  os_cfg_app.o(.constdata)
    OSCfg_TickRate_Hz                        0x08005f1c   Data           4  os_cfg_app.o(.constdata)
    OSCfg_TickTaskPrio                       0x08005f20   Data           1  os_cfg_app.o(.constdata)
    OSCfg_TickTaskStkBasePtr                 0x08005f24   Data           4  os_cfg_app.o(.constdata)
    OSCfg_TickTaskStkLimit                   0x08005f28   Data           4  os_cfg_app.o(.constdata)
    OSCfg_TickTaskStkSize                    0x08005f2c   Data           4  os_cfg_app.o(.constdata)
    OSCfg_TickTaskStkSizeRAM                 0x08005f30   Data           4  os_cfg_app.o(.constdata)
    OSCfg_TickWheelSize                      0x08005f34   Data           2  os_cfg_app.o(.constdata)
    OSCfg_TickWheelSizeRAM                   0x08005f38   Data           4  os_cfg_app.o(.constdata)
    OSCfg_TmrTaskPrio                        0x08005f3c   Data           1  os_cfg_app.o(.constdata)
    OSCfg_TmrTaskRate_Hz                     0x08005f40   Data           4  os_cfg_app.o(.constdata)
    OSCfg_TmrTaskStkBasePtr                  0x08005f44   Data           4  os_cfg_app.o(.constdata)
    OSCfg_TmrTaskStkLimit                    0x08005f48   Data           4  os_cfg_app.o(.constdata)
    OSCfg_TmrTaskStkSize                     0x08005f4c   Data           4  os_cfg_app.o(.constdata)
    OSCfg_TmrTaskStkSizeRAM                  0x08005f50   Data           4  os_cfg_app.o(.constdata)
    OSCfg_TmrWheelSize                       0x08005f54   Data           2  os_cfg_app.o(.constdata)
    OSCfg_TmrWheelSizeRAM                    0x08005f58   Data           4  os_cfg_app.o(.constdata)
    OSCfg_DataSizeRAM                        0x08005f5c   Data           4  os_cfg_app.o(.constdata)
    OSDbg_DbgEn                              0x08005f60   Data           1  os_dbg.o(.constdata)
    OSDbg_ArgChkEn                           0x08005f61   Data           1  os_dbg.o(.constdata)
    OSDbg_AppHooksEn                         0x08005f62   Data           1  os_dbg.o(.constdata)
    OSDbg_EndiannessTest                     0x08005f64   Data           4  os_dbg.o(.constdata)
    OSDbg_CalledFromISRChkEn                 0x08005f68   Data           1  os_dbg.o(.constdata)
    OSDbg_FlagEn                             0x08005f69   Data           1  os_dbg.o(.constdata)
    OSDbg_FlagGrp                            0x08005f6c   Data          40  os_dbg.o(.constdata)
    OSDbg_FlagDelEn                          0x08005f94   Data           1  os_dbg.o(.constdata)
    OSDbg_FlagModeClrEn                      0x08005f95   Data           1  os_dbg.o(.constdata)
    OSDbg_FlagPendAbortEn                    0x08005f96   Data           1  os_dbg.o(.constdata)
    OSDbg_FlagGrpSize                        0x08005f98   Data           2  os_dbg.o(.constdata)
    OSDbg_FlagWidth                          0x08005f9a   Data           2  os_dbg.o(.constdata)
    OSDbg_IntQ                               0x08005f9c   Data           2  os_dbg.o(.constdata)
    OSDbg_ISRPostDeferredEn                  0x08005f9e   Data           1  os_dbg.o(.constdata)
    OSDbg_Mem                                0x08005fa0   Data          32  os_dbg.o(.constdata)
    OSDbg_MemEn                              0x08005fc0   Data           1  os_dbg.o(.constdata)
    OSDbg_MemSize                            0x08005fc2   Data           2  os_dbg.o(.constdata)
    OSDbg_MsgEn                              0x08005fc4   Data           1  os_dbg.o(.constdata)
    OSDbg_MsgSize                            0x08005fc6   Data           2  os_dbg.o(.constdata)
    OSDbg_MsgPoolSize                        0x08005fc8   Data           2  os_dbg.o(.constdata)
    OSDbg_MsgQSize                           0x08005fca   Data           2  os_dbg.o(.constdata)
    OSDbg_Mutex                              0x08005fcc   Data          44  os_dbg.o(.constdata)
    OSDbg_MutexEn                            0x08005ff8   Data           1  os_dbg.o(.constdata)
    OSDbg_MutexDelEn                         0x08005ff9   Data           1  os_dbg.o(.constdata)
    OSDbg_MutexPendAbortEn                   0x08005ffa   Data           1  os_dbg.o(.constdata)
    OSDbg_MutexSize                          0x08005ffc   Data           2  os_dbg.o(.constdata)
    OSDbg_ObjTypeChkEn                       0x08005ffe   Data           1  os_dbg.o(.constdata)
    OSDbg_PendMultiEn                        0x08005fff   Data           1  os_dbg.o(.constdata)
    OSDbg_PendDataSize                       0x08006000   Data           2  os_dbg.o(.constdata)
    OSDbg_PendListSize                       0x08006002   Data           2  os_dbg.o(.constdata)
    OSDbg_PendObjSize                        0x08006004   Data           2  os_dbg.o(.constdata)
    OSDbg_PrioMax                            0x08006006   Data           2  os_dbg.o(.constdata)
    OSDbg_PrioTblSize                        0x08006008   Data           2  os_dbg.o(.constdata)
    OSDbg_PtrSize                            0x0800600a   Data           2  os_dbg.o(.constdata)
    OSDbg_Q                                  0x0800600c   Data          48  os_dbg.o(.constdata)
    OSDbg_QEn                                0x0800603c   Data           1  os_dbg.o(.constdata)
    OSDbg_QDelEn                             0x0800603d   Data           1  os_dbg.o(.constdata)
    OSDbg_QFlushEn                           0x0800603e   Data           1  os_dbg.o(.constdata)
    OSDbg_QPendAbortEn                       0x0800603f   Data           1  os_dbg.o(.constdata)
    OSDbg_QSize                              0x08006040   Data           2  os_dbg.o(.constdata)
    OSDbg_SchedRoundRobinEn                  0x08006042   Data           1  os_dbg.o(.constdata)
    OSDbg_Sem                                0x08006044   Data          40  os_dbg.o(.constdata)
    OSDbg_SemEn                              0x0800606c   Data           1  os_dbg.o(.constdata)
    OSDbg_SemDelEn                           0x0800606d   Data           1  os_dbg.o(.constdata)
    OSDbg_SemPendAbortEn                     0x0800606e   Data           1  os_dbg.o(.constdata)
    OSDbg_SemSetEn                           0x0800606f   Data           1  os_dbg.o(.constdata)
    OSDbg_SemSize                            0x08006070   Data           2  os_dbg.o(.constdata)
    OSDbg_RdyList                            0x08006072   Data           2  os_dbg.o(.constdata)
    OSDbg_RdyListSize                        0x08006074   Data           4  os_dbg.o(.constdata)
    OSDbg_StkWidth                           0x08006078   Data           1  os_dbg.o(.constdata)
    OSDbg_StatTaskEn                         0x08006079   Data           1  os_dbg.o(.constdata)
    OSDbg_StatTaskStkChkEn                   0x0800607a   Data           1  os_dbg.o(.constdata)
    OSDbg_TaskChangePrioEn                   0x0800607b   Data           1  os_dbg.o(.constdata)
    OSDbg_TaskDelEn                          0x0800607c   Data           1  os_dbg.o(.constdata)
    OSDbg_TaskQEn                            0x0800607d   Data           1  os_dbg.o(.constdata)
    OSDbg_TaskQPendAbortEn                   0x0800607e   Data           1  os_dbg.o(.constdata)
    OSDbg_TaskProfileEn                      0x0800607f   Data           1  os_dbg.o(.constdata)
    OSDbg_TaskRegTblSize                     0x08006080   Data           2  os_dbg.o(.constdata)
    OSDbg_TaskSemPendAbortEn                 0x08006082   Data           1  os_dbg.o(.constdata)
    OSDbg_TaskSuspendEn                      0x08006083   Data           1  os_dbg.o(.constdata)
    OSDbg_TCBSize                            0x08006084   Data           2  os_dbg.o(.constdata)
    OSDbg_TickSpokeSize                      0x08006086   Data           2  os_dbg.o(.constdata)
    OSDbg_TimeDlyHMSMEn                      0x08006088   Data           1  os_dbg.o(.constdata)
    OSDbg_TimeDlyResumeEn                    0x08006089   Data           1  os_dbg.o(.constdata)
    OSDbg_TLS_TblSize                        0x0800608a   Data           2  os_dbg.o(.constdata)
    OSDbg_Tmr                                0x0800608c   Data          52  os_dbg.o(.constdata)
    OSDbg_TmrEn                              0x080060c0   Data           1  os_dbg.o(.constdata)
    OSDbg_TmrDelEn                           0x080060c1   Data           1  os_dbg.o(.constdata)
    OSDbg_TmrSize                            0x080060c2   Data           2  os_dbg.o(.constdata)
    OSDbg_TmrSpokeSize                       0x080060c4   Data           2  os_dbg.o(.constdata)
    OSDbg_VersionNbr                         0x080060c6   Data           2  os_dbg.o(.constdata)
    OSDbg_DataSize                           0x080060c8   Data           4  os_dbg.o(.constdata)
    Region$$Table$$Base                      0x080060cc   Number         0  anon$$obj.o(Region$$Table)
    Region$$Table$$Limit                     0x080060ec   Number         0  anon$$obj.o(Region$$Table)
    SystemCoreClock                          0x20000004   Data           4  system_stm32f10x.o(.data)
    AHBPrescTable                            0x20000008   Data          16  system_stm32f10x.o(.data)
    __stdout                                 0x20000030   Data           4  usart.o(.data)
    USART_RX_STA                             0x20000034   Data           2  usart.o(.data)
    CPU_TS_TmrFreq_Hz                        0x20000038   Data           4  cpu_core.o(.data)
    CPU_IntDisMeasCtr                        0x2000003c   Data           2  cpu_core.o(.data)
    CPU_IntDisNestCtr                        0x2000003e   Data           2  cpu_core.o(.data)
    CPU_IntDisMeasStart_cnts                 0x20000040   Data           4  cpu_core.o(.data)
    CPU_IntDisMeasStop_cnts                  0x20000044   Data           4  cpu_core.o(.data)
    CPU_IntDisMeasOvrhd_cnts                 0x20000048   Data           4  cpu_core.o(.data)
    CPU_IntDisMeasMaxCur_cnts                0x2000004c   Data           4  cpu_core.o(.data)
    CPU_IntDisMeasMax_cnts                   0x20000050   Data           4  cpu_core.o(.data)
    OS_CPU_ExceptStkBase                     0x20000054   Data           4  os_cpu_c.o(.data)
    OSPrioTbl                                0x20000058   Data           8  os_prio.o(.data)
    OS_AppTaskCreateHookPtr                  0x20000060   Data           4  os_var.o(.data)
    OS_AppTaskDelHookPtr                     0x20000064   Data           4  os_var.o(.data)
    OS_AppTaskReturnHookPtr                  0x20000068   Data           4  os_var.o(.data)
    OS_AppIdleTaskHookPtr                    0x2000006c   Data           4  os_var.o(.data)
    OS_AppStatTaskHookPtr                    0x20000070   Data           4  os_var.o(.data)
    OS_AppTaskSwHookPtr                      0x20000074   Data           4  os_var.o(.data)
    OS_AppTimeTickHookPtr                    0x20000078   Data           4  os_var.o(.data)
    OSIdleTaskCtr                            0x2000007c   Data           4  os_var.o(.data)
    OSIntNestingCtr                          0x20000080   Data           1  os_var.o(.data)
    OSIntDisTimeMax                          0x20000084   Data           4  os_var.o(.data)
    OSRunning                                0x20000088   Data           1  os_var.o(.data)
    OSIntQInPtr                              0x2000008c   Data           4  os_var.o(.data)
    OSIntQOutPtr                             0x20000090   Data           4  os_var.o(.data)
    OSIntQNbrEntries                         0x20000094   Data           2  os_var.o(.data)
    OSIntQNbrEntriesMax                      0x20000096   Data           2  os_var.o(.data)
    OSIntQOvfCtr                             0x20000098   Data           2  os_var.o(.data)
    OSIntQTaskTimeMax                        0x2000009c   Data           4  os_var.o(.data)
    OSFlagDbgListPtr                         0x200000a0   Data           4  os_var.o(.data)
    OSFlagQty                                0x200000a4   Data           2  os_var.o(.data)
    OSMemDbgListPtr                          0x200000a8   Data           4  os_var.o(.data)
    OSMemQty                                 0x200000ac   Data           2  os_var.o(.data)
    OSMutexDbgListPtr                        0x200000b0   Data           4  os_var.o(.data)
    OSMutexQty                               0x200000b4   Data           2  os_var.o(.data)
    OSPrioCur                                0x200000b6   Data           1  os_var.o(.data)
    OSPrioHighRdy                            0x200000b7   Data           1  os_var.o(.data)
    OSPrioSaved                              0x200000b8   Data           1  os_var.o(.data)
    OSQDbgListPtr                            0x200000bc   Data           4  os_var.o(.data)
    OSQQty                                   0x200000c0   Data           2  os_var.o(.data)
    OSSchedLockTimeBegin                     0x200000c4   Data           4  os_var.o(.data)
    OSSchedLockTimeMax                       0x200000c8   Data           4  os_var.o(.data)
    OSSchedLockTimeMaxCur                    0x200000cc   Data           4  os_var.o(.data)
    OSSchedLockNestingCtr                    0x200000d0   Data           1  os_var.o(.data)
    OSSchedRoundRobinDfltTimeQuanta          0x200000d4   Data           4  os_var.o(.data)
    OSSchedRoundRobinEn                      0x200000d8   Data           1  os_var.o(.data)
    OSSemDbgListPtr                          0x200000dc   Data           4  os_var.o(.data)
    OSSemQty                                 0x200000e0   Data           2  os_var.o(.data)
    OSStatResetFlag                          0x200000e2   Data           1  os_var.o(.data)
    OSStatTaskCPUUsage                       0x200000e4   Data           2  os_var.o(.data)
    OSStatTaskCPUUsageMax                    0x200000e6   Data           2  os_var.o(.data)
    OSStatTaskCtr                            0x200000e8   Data           4  os_var.o(.data)
    OSStatTaskCtrMax                         0x200000ec   Data           4  os_var.o(.data)
    OSStatTaskCtrRun                         0x200000f0   Data           4  os_var.o(.data)
    OSStatTaskRdy                            0x200000f4   Data           1  os_var.o(.data)
    OSStatTaskTimeMax                        0x200000f8   Data           4  os_var.o(.data)
    OSTaskCtxSwCtr                           0x200000fc   Data           4  os_var.o(.data)
    OSTaskDbgListPtr                         0x20000100   Data           4  os_var.o(.data)
    OSTaskQty                                0x20000104   Data           2  os_var.o(.data)
    OSTaskRegNextAvailID                     0x20000106   Data           1  os_var.o(.data)
    OSTickCtr                                0x20000108   Data           4  os_var.o(.data)
    OSTickTaskTimeMax                        0x2000010c   Data           4  os_var.o(.data)
    OSTmrDbgListPtr                          0x20000110   Data           4  os_var.o(.data)
    OSTmrQty                                 0x20000114   Data           2  os_var.o(.data)
    OSTmrTaskTimeMax                         0x20000118   Data           4  os_var.o(.data)
    OSTmrTickCtr                             0x2000011c   Data           4  os_var.o(.data)
    OSTmrUpdateCnt                           0x20000120   Data           4  os_var.o(.data)
    OSTmrUpdateCtr                           0x20000124   Data           4  os_var.o(.data)
    OSTCBCurPtr                              0x20000128   Data           4  os_var.o(.data)
    OSTCBHighRdyPtr                          0x2000012c   Data           4  os_var.o(.data)
    StartTaskTCB                             0x20000130   Data         200  main.o(.bss)
    START_TASK_STK                           0x200001f8   Data        2048  main.o(.bss)
    HighTaskTCB                              0x200009f8   Data         200  main.o(.bss)
    HIGH_TASK_STK                            0x20000ac0   Data         512  main.o(.bss)
    LowTaskTCB                               0x20000cc0   Data         200  main.o(.bss)
    LOW_TASK_STK                             0x20000d88   Data         512  main.o(.bss)
    LedTaskTCB                               0x20000f88   Data         200  main.o(.bss)
    LED_TASK_STK                             0x20001050   Data         512  main.o(.bss)
    gSEM                                     0x20001250   Data          40  main.o(.bss)
    gTMR                                     0x20001278   Data          52  main.o(.bss)
    USART_RX_BUF                             0x200012ac   Data         200  usart.o(.bss)
    CPU_Name                                 0x20001374   Data          16  cpu_core.o(.bss)
    OSCfg_IdleTaskStk                        0x20001384   Data         512  os_cfg_app.o(.bss)
    OSCfg_IntQ                               0x20001584   Data         320  os_cfg_app.o(.bss)
    OSCfg_IntQTaskStk                        0x200016c4   Data         512  os_cfg_app.o(.bss)
    OSCfg_ISRStk                             0x200018c4   Data         512  os_cfg_app.o(.bss)
    OSCfg_MsgPool                            0x20001ac4   Data        1600  os_cfg_app.o(.bss)
    OSCfg_StatTaskStk                        0x20002104   Data         512  os_cfg_app.o(.bss)
    OSCfg_TickTaskStk                        0x20002304   Data         512  os_cfg_app.o(.bss)
    OSCfg_TickWheel                          0x20002504   Data         136  os_cfg_app.o(.bss)
    OSCfg_TmrTaskStk                         0x2000258c   Data         512  os_cfg_app.o(.bss)
    OSCfg_TmrWheel                           0x2000278c   Data         136  os_cfg_app.o(.bss)
    OSIdleTaskTCB                            0x20002814   Data         200  os_var.o(.bss)
    OSIntQTaskTCB                            0x200028dc   Data         200  os_var.o(.bss)
    OSMsgPool                                0x200029a4   Data          12  os_var.o(.bss)
    OSRdyList                                0x200029b0   Data         768  os_var.o(.bss)
    OSStatTaskTCB                            0x20002cb0   Data         200  os_var.o(.bss)
    OSTickTaskTCB                            0x20002d78   Data         200  os_var.o(.bss)
    OSTmrTaskTCB                             0x20002e40   Data         200  os_var.o(.bss)
    __libspace_start                         0x20002f08   Data          96  libspace.o(.bss)
    __temporary_stack_top$libspace           0x20002f68   Data           0  libspace.o(.bss)



==============================================================================

Memory Map of the image

  Image Entry point : 0x080000ed

  Load Region LR_IROM1 (Base: 0x08000000, Size: 0x0000621c, Max: 0x00010000, ABSOLUTE, COMPRESSED[0x00006108])

    Execution Region ER_IROM1 (Exec base: 0x08000000, Load base: 0x08000000, Size: 0x000060ec, Max: 0x00010000, ABSOLUTE)

    Exec Addr    Load Addr    Size         Type   Attr      Idx    E Section Name        Object

    0x08000000   0x08000000   0x000000ec   Data   RO          352    RESET               startup_stm32f10x_md.o
    0x080000ec   0x080000ec   0x00000008   Code   RO         5464  * !!!main             c_w.l(__main.o)
    0x080000f4   0x080000f4   0x00000034   Code   RO         5644    !!!scatter          c_w.l(__scatter.o)
    0x08000128   0x08000128   0x0000005a   Code   RO         5642    !!dczerorl2         c_w.l(__dczerorl2.o)
    0x08000182   0x08000182   0x00000002   PAD
    0x08000184   0x08000184   0x0000001c   Code   RO         5646    !!handler_zi        c_w.l(__scatter_zi.o)
    0x080001a0   0x080001a0   0x00000000   Code   RO         5461    .ARM.Collect$$_printf_percent$$00000000  c_w.l(_printf_percent.o)
    0x080001a0   0x080001a0   0x00000006   Code   RO         5460    .ARM.Collect$$_printf_percent$$00000009  c_w.l(_printf_d.o)
    0x080001a6   0x080001a6   0x00000004   Code   RO         5477    .ARM.Collect$$_printf_percent$$00000017  c_w.l(_printf_percent_end.o)
    0x080001aa   0x080001aa   0x00000002   Code   RO         5516    .ARM.Collect$$libinit$$00000000  c_w.l(libinit.o)
    0x080001ac   0x080001ac   0x00000000   Code   RO         5529    .ARM.Collect$$libinit$$00000002  c_w.l(libinit2.o)
    0x080001ac   0x080001ac   0x00000000   Code   RO         5531    .ARM.Collect$$libinit$$00000004  c_w.l(libinit2.o)
    0x080001ac   0x080001ac   0x00000000   Code   RO         5534    .ARM.Collect$$libinit$$0000000A  c_w.l(libinit2.o)
    0x080001ac   0x080001ac   0x00000000   Code   RO         5536    .ARM.Collect$$libinit$$0000000C  c_w.l(libinit2.o)
    0x080001ac   0x080001ac   0x00000000   Code   RO         5538    .ARM.Collect$$libinit$$0000000E  c_w.l(libinit2.o)
    0x080001ac   0x080001ac   0x00000000   Code   RO         5541    .ARM.Collect$$libinit$$00000011  c_w.l(libinit2.o)
    0x080001ac   0x080001ac   0x00000000   Code   RO         5543    .ARM.Collect$$libinit$$00000013  c_w.l(libinit2.o)
    0x080001ac   0x080001ac   0x00000000   Code   RO         5545    .ARM.Collect$$libinit$$00000015  c_w.l(libinit2.o)
    0x080001ac   0x080001ac   0x00000000   Code   RO         5547    .ARM.Collect$$libinit$$00000017  c_w.l(libinit2.o)
    0x080001ac   0x080001ac   0x00000000   Code   RO         5549    .ARM.Collect$$libinit$$00000019  c_w.l(libinit2.o)
    0x080001ac   0x080001ac   0x00000000   Code   RO         5551    .ARM.Collect$$libinit$$0000001B  c_w.l(libinit2.o)
    0x080001ac   0x080001ac   0x00000000   Code   RO         5553    .ARM.Collect$$libinit$$0000001D  c_w.l(libinit2.o)
    0x080001ac   0x080001ac   0x00000000   Code   RO         5555    .ARM.Collect$$libinit$$0000001F  c_w.l(libinit2.o)
    0x080001ac   0x080001ac   0x00000000   Code   RO         5557    .ARM.Collect$$libinit$$00000021  c_w.l(libinit2.o)
    0x080001ac   0x080001ac   0x00000000   Code   RO         5559    .ARM.Collect$$libinit$$00000023  c_w.l(libinit2.o)
    0x080001ac   0x080001ac   0x00000000   Code   RO         5561    .ARM.Collect$$libinit$$00000025  c_w.l(libinit2.o)
    0x080001ac   0x080001ac   0x00000000   Code   RO         5565    .ARM.Collect$$libinit$$0000002C  c_w.l(libinit2.o)
    0x080001ac   0x080001ac   0x00000000   Code   RO         5567    .ARM.Collect$$libinit$$0000002E  c_w.l(libinit2.o)
    0x080001ac   0x080001ac   0x00000000   Code   RO         5569    .ARM.Collect$$libinit$$00000030  c_w.l(libinit2.o)
    0x080001ac   0x080001ac   0x00000000   Code   RO         5571    .ARM.Collect$$libinit$$00000032  c_w.l(libinit2.o)
    0x080001ac   0x080001ac   0x00000002   Code   RO         5572    .ARM.Collect$$libinit$$00000033  c_w.l(libinit2.o)
    0x080001ae   0x080001ae   0x00000002   Code   RO         5598    .ARM.Collect$$libshutdown$$00000000  c_w.l(libshutdown.o)
    0x080001b0   0x080001b0   0x00000000   Code   RO         5625    .ARM.Collect$$libshutdown$$00000002  c_w.l(libshutdown2.o)
    0x080001b0   0x080001b0   0x00000000   Code   RO         5627    .ARM.Collect$$libshutdown$$00000004  c_w.l(libshutdown2.o)
    0x080001b0   0x080001b0   0x00000000   Code   RO         5630    .ARM.Collect$$libshutdown$$00000007  c_w.l(libshutdown2.o)
    0x080001b0   0x080001b0   0x00000000   Code   RO         5633    .ARM.Collect$$libshutdown$$0000000A  c_w.l(libshutdown2.o)
    0x080001b0   0x080001b0   0x00000000   Code   RO         5635    .ARM.Collect$$libshutdown$$0000000C  c_w.l(libshutdown2.o)
    0x080001b0   0x080001b0   0x00000000   Code   RO         5638    .ARM.Collect$$libshutdown$$0000000F  c_w.l(libshutdown2.o)
    0x080001b0   0x080001b0   0x00000002   Code   RO         5639    .ARM.Collect$$libshutdown$$00000010  c_w.l(libshutdown2.o)
    0x080001b2   0x080001b2   0x00000000   Code   RO         5468    .ARM.Collect$$rtentry$$00000000  c_w.l(__rtentry.o)
    0x080001b2   0x080001b2   0x00000000   Code   RO         5479    .ARM.Collect$$rtentry$$00000002  c_w.l(__rtentry2.o)
    0x080001b2   0x080001b2   0x00000006   Code   RO         5491    .ARM.Collect$$rtentry$$00000004  c_w.l(__rtentry4.o)
    0x080001b8   0x080001b8   0x00000000   Code   RO         5481    .ARM.Collect$$rtentry$$00000009  c_w.l(__rtentry2.o)
    0x080001b8   0x080001b8   0x00000004   Code   RO         5482    .ARM.Collect$$rtentry$$0000000A  c_w.l(__rtentry2.o)
    0x080001bc   0x080001bc   0x00000000   Code   RO         5484    .ARM.Collect$$rtentry$$0000000C  c_w.l(__rtentry2.o)
    0x080001bc   0x080001bc   0x00000008   Code   RO         5485    .ARM.Collect$$rtentry$$0000000D  c_w.l(__rtentry2.o)
    0x080001c4   0x080001c4   0x00000002   Code   RO         5520    .ARM.Collect$$rtexit$$00000000  c_w.l(rtexit.o)
    0x080001c6   0x080001c6   0x00000000   Code   RO         5574    .ARM.Collect$$rtexit$$00000002  c_w.l(rtexit2.o)
    0x080001c6   0x080001c6   0x00000004   Code   RO         5575    .ARM.Collect$$rtexit$$00000003  c_w.l(rtexit2.o)
    0x080001ca   0x080001ca   0x00000006   Code   RO         5576    .ARM.Collect$$rtexit$$00000004  c_w.l(rtexit2.o)
    0x080001d0   0x080001d0   0x00000040   Code   RO          353    .text               startup_stm32f10x_md.o
    0x08000210   0x08000210   0x00000034   Code   RO         3679    .text               cpu_a.o
    0x08000244   0x08000244   0x00000002   Code   RO         5428    .text               c_w.l(use_no_semi_2.o)
    0x08000246   0x08000246   0x00000002   PAD
    0x08000248   0x08000248   0x00000018   Code   RO         5434    .text               c_w.l(noretval__2printf.o)
    0x08000260   0x08000260   0x00000068   Code   RO         5436    .text               c_w.l(__printf.o)
    0x080002c8   0x080002c8   0x00000078   Code   RO         5438    .text               c_w.l(_printf_dec.o)
    0x08000340   0x08000340   0x00000006   Code   RO         5462    .text               c_w.l(heapauxi.o)
    0x08000346   0x08000346   0x00000002   Code   RO         5466    .text               c_w.l(use_no_semi.o)
    0x08000348   0x08000348   0x000000b2   Code   RO         5473    .text               c_w.l(_printf_intcommon.o)
    0x080003fa   0x080003fa   0x00000002   PAD
    0x080003fc   0x080003fc   0x00000024   Code   RO         5475    .text               c_w.l(_printf_char_file.o)
    0x08000420   0x08000420   0x00000030   Code   RO         5495    .text               c_w.l(_printf_char_common.o)
    0x08000450   0x08000450   0x00000008   Code   RO         5497    .text               c_w.l(ferror.o)
    0x08000458   0x08000458   0x0000004a   Code   RO         5501    .text               c_w.l(sys_stackheap_outer.o)
    0x080004a2   0x080004a2   0x00000012   Code   RO         5505    .text               c_w.l(exit.o)
    0x080004b4   0x080004b4   0x00000008   Code   RO         5517    .text               c_w.l(libspace.o)
    0x080004bc   0x080004bc   0x00000098   Code   RO         3730    CODE                os_cpu_a.o
    0x08000554   0x08000554   0x00000010   Code   RO         3474    i.BSP_CPU_ClkFreq   bsp.o
    0x08000564   0x08000564   0x00000004   Code   RO          228    i.BusFault_Handler  stm32f10x_it.o
    0x08000568   0x08000568   0x00000010   Code   RO         3515    i.CPU_Init          cpu_core.o
    0x08000578   0x08000578   0x00000084   Code   RO         3516    i.CPU_IntDisMeasInit  cpu_core.o
    0x080005fc   0x080005fc   0x0000001c   Code   RO         3517    i.CPU_IntDisMeasMaxCalc  cpu_core.o
    0x08000618   0x08000618   0x0000002c   Code   RO         3518    i.CPU_IntDisMeasMaxCurGet  cpu_core.o
    0x08000644   0x08000644   0x0000002c   Code   RO         3519    i.CPU_IntDisMeasMaxCurReset  cpu_core.o
    0x08000670   0x08000670   0x0000002c   Code   RO         3520    i.CPU_IntDisMeasMaxGet  cpu_core.o
    0x0800069c   0x0800069c   0x00000034   Code   RO         3521    i.CPU_IntDisMeasStart  cpu_core.o
    0x080006d0   0x080006d0   0x00000054   Code   RO         3522    i.CPU_IntDisMeasStop  cpu_core.o
    0x08000724   0x08000724   0x00000038   Code   RO         3523    i.CPU_NameClr       cpu_core.o
    0x0800075c   0x0800075c   0x00000008   Code   RO         3525    i.CPU_NameInit      cpu_core.o
    0x08000764   0x08000764   0x00000014   Code   RO         3529    i.CPU_TS_Init       cpu_core.o
    0x08000778   0x08000778   0x0000000c   Code   RO         3531    i.CPU_TS_TmrFreqSet  cpu_core.o
    0x08000784   0x08000784   0x00000034   Code   RO         3476    i.CPU_TS_TmrInit    bsp.o
    0x080007b8   0x080007b8   0x0000000c   Code   RO         3477    i.CPU_TS_TmrRd      bsp.o
    0x080007c4   0x080007c4   0x00000002   Code   RO          229    i.DebugMon_Handler  stm32f10x_it.o
    0x080007c6   0x080007c6   0x00000116   Code   RO         1508    i.GPIO_Init         stm32f10x_gpio.o
    0x080008dc   0x080008dc   0x00000012   Code   RO         1512    i.GPIO_ReadInputDataBit  stm32f10x_gpio.o
    0x080008ee   0x080008ee   0x00000004   Code   RO         1515    i.GPIO_ResetBits    stm32f10x_gpio.o
    0x080008f2   0x080008f2   0x00000004   Code   RO         1516    i.GPIO_SetBits      stm32f10x_gpio.o
    0x080008f6   0x080008f6   0x00000004   Code   RO          230    i.HardFault_Handler  stm32f10x_it.o
    0x080008fa   0x080008fa   0x00000002   PAD
    0x080008fc   0x080008fc   0x00000058   Code   RO         3455    i.Key_Scan          gpio.o
    0x08000954   0x08000954   0x00000038   Code   RO         3443    i.LED_Init          led.o
    0x0800098c   0x0800098c   0x00000004   Code   RO          231    i.MemManage_Handler  stm32f10x_it.o
    0x08000990   0x08000990   0x00000012   Code   RO         5085    i.Mem_Clr           lib_mem.o
    0x080009a2   0x080009a2   0x00000062   Code   RO         5102    i.Mem_Set           lib_mem.o
    0x08000a04   0x08000a04   0x00000002   Code   RO          232    i.NMI_Handler       stm32f10x_it.o
    0x08000a06   0x08000a06   0x00000002   PAD
    0x08000a08   0x08000a08   0x00000070   Code   RO          357    i.NVIC_Init         misc.o
    0x08000a78   0x08000a78   0x00000014   Code   RO          358    i.NVIC_PriorityGroupConfig  misc.o
    0x08000a8c   0x08000a8c   0x00000002   Code   RO         3811    i.OSCfg_Init        os_cfg_app.o
    0x08000a8e   0x08000a8e   0x00000002   PAD
    0x08000a90   0x08000a90   0x00000014   Code   RO         3733    i.OSIdleTaskHook    os_cpu_c.o
    0x08000aa4   0x08000aa4   0x0000018c   Code   RO         3834    i.OSInit            os_core.o
    0x08000c30   0x08000c30   0x00000038   Code   RO         3734    i.OSInitHook        os_cpu_c.o
    0x08000c68   0x08000c68   0x0000002c   Code   RO         3835    i.OSIntEnter        os_core.o
    0x08000c94   0x08000c94   0x000000e4   Code   RO         3836    i.OSIntExit         os_core.o
    0x08000d78   0x08000d78   0x000000a8   Code   RO         3837    i.OSSched           os_core.o
    0x08000e20   0x08000e20   0x0000007c   Code   RO         3838    i.OSSchedLock       os_core.o
    0x08000e9c   0x08000e9c   0x0000006c   Code   RO         3839    i.OSSchedRoundRobinCfg  os_core.o
    0x08000f08   0x08000f08   0x000000a0   Code   RO         3841    i.OSSchedUnlock     os_core.o
    0x08000fa8   0x08000fa8   0x000000e4   Code   RO         4480    i.OSSemCreate       os_sem.o
    0x0800108c   0x0800108c   0x00000068   Code   RO         3842    i.OSStart           os_core.o
    0x080010f4   0x080010f4   0x00000168   Code   RO         4552    i.OSStatReset       os_stat.o
    0x0800125c   0x0800125c   0x00000100   Code   RO         4553    i.OSStatTaskCPUUsageInit  os_stat.o
    0x0800135c   0x0800135c   0x00000014   Code   RO         3735    i.OSStatTaskHook    os_cpu_c.o
    0x08001370   0x08001370   0x00000294   Code   RO         4583    i.OSTaskCreate      os_task.o
    0x08001604   0x08001604   0x00000018   Code   RO         3736    i.OSTaskCreateHook  os_cpu_c.o
    0x0800161c   0x0800161c   0x00000208   Code   RO         4584    i.OSTaskDel         os_task.o
    0x08001824   0x08001824   0x00000018   Code   RO         3737    i.OSTaskDelHook     os_cpu_c.o
    0x0800183c   0x0800183c   0x00000088   Code   RO         4592    i.OSTaskResume      os_task.o
    0x080018c4   0x080018c4   0x00000018   Code   RO         3738    i.OSTaskReturnHook  os_cpu_c.o
    0x080018dc   0x080018dc   0x00000250   Code   RO         4593    i.OSTaskSemPend     os_task.o
    0x08001b2c   0x08001b2c   0x000000e4   Code   RO         4597    i.OSTaskStkChk      os_task.o
    0x08001c10   0x08001c10   0x000000c0   Code   RO         3739    i.OSTaskStkInit     os_cpu_c.o
    0x08001cd0   0x08001cd0   0x00000060   Code   RO         4598    i.OSTaskSuspend     os_task.o
    0x08001d30   0x08001d30   0x000000a4   Code   RO         3740    i.OSTaskSwHook      os_cpu_c.o
    0x08001dd4   0x08001dd4   0x00000150   Code   RO         4798    i.OSTimeDly         os_time.o
    0x08001f24   0x08001f24   0x0000022c   Code   RO         4799    i.OSTimeDlyHMSM     os_time.o
    0x08002150   0x08002150   0x00000044   Code   RO         4803    i.OSTimeTick        os_time.o
    0x08002194   0x08002194   0x00000014   Code   RO         3741    i.OSTimeTickHook    os_cpu_c.o
    0x080021a8   0x080021a8   0x00000130   Code   RO         4840    i.OSTmrCreate       os_tmr.o
    0x080022d8   0x080022d8   0x000000b4   Code   RO         4843    i.OSTmrStart        os_tmr.o
    0x0800238c   0x0800238c   0x000001b4   Code   RO         4080    i.OS_Dbg_Init       os_dbg.o
    0x08002540   0x08002540   0x00000018   Code   RO         4105    i.OS_FlagInit       os_flag.o
    0x08002558   0x08002558   0x0000027c   Code   RO         4106    i.OS_FlagPost       os_flag.o
    0x080027d4   0x080027d4   0x00000056   Code   RO         4107    i.OS_FlagTaskRdy    os_flag.o
    0x0800282a   0x0800282a   0x00000002   PAD
    0x0800282c   0x0800282c   0x0000004c   Code   RO         3844    i.OS_IdleTask       os_core.o
    0x08002878   0x08002878   0x00000070   Code   RO         3845    i.OS_IdleTaskInit   os_core.o
    0x080028e8   0x080028e8   0x00000104   Code   RO         4179    i.OS_IntQPost       os_int.o
    0x080029ec   0x080029ec   0x000001a4   Code   RO         4180    i.OS_IntQRePost     os_int.o
    0x08002b90   0x08002b90   0x000000c8   Code   RO         4181    i.OS_IntQTask       os_int.o
    0x08002c58   0x08002c58   0x00000128   Code   RO         4182    i.OS_IntQTaskInit   os_int.o
    0x08002d80   0x08002d80   0x00000018   Code   RO         4213    i.OS_MemInit        os_mem.o
    0x08002d98   0x08002d98   0x0000007c   Code   RO         4245    i.OS_MsgPoolInit    os_msg.o
    0x08002e14   0x08002e14   0x00000044   Code   RO         4246    i.OS_MsgQFreeAll    os_msg.o
    0x08002e58   0x08002e58   0x0000000e   Code   RO         4248    i.OS_MsgQInit       os_msg.o
    0x08002e66   0x08002e66   0x00000002   PAD
    0x08002e68   0x08002e68   0x00000104   Code   RO         4249    i.OS_MsgQPut        os_msg.o
    0x08002f6c   0x08002f6c   0x00000018   Code   RO         4289    i.OS_MutexInit      os_mutex.o
    0x08002f84   0x08002f84   0x00000068   Code   RO         3846    i.OS_Pend           os_core.o
    0x08002fec   0x08002fec   0x00000026   Code   RO         3849    i.OS_PendDataInit   os_core.o
    0x08003012   0x08003012   0x00000002   PAD
    0x08003014   0x08003014   0x0000005c   Code   RO         3850    i.OS_PendDbgNameAdd  os_core.o
    0x08003070   0x08003070   0x00000024   Code   RO         3851    i.OS_PendDbgNameRemove  os_core.o
    0x08003094   0x08003094   0x0000000a   Code   RO         3853    i.OS_PendListInit   os_core.o
    0x0800309e   0x0800309e   0x00000066   Code   RO         3855    i.OS_PendListInsertPrio  os_core.o
    0x08003104   0x08003104   0x00000030   Code   RO         3856    i.OS_PendListRemove  os_core.o
    0x08003134   0x08003134   0x00000042   Code   RO         3857    i.OS_PendListRemove1  os_core.o
    0x08003176   0x08003176   0x000000c0   Code   RO         3860    i.OS_Post           os_core.o
    0x08003236   0x08003236   0x0000002a   Code   RO         3861    i.OS_Post1          os_core.o
    0x08003260   0x08003260   0x00000028   Code   RO         4371    i.OS_PrioGetHighest  os_prio.o
    0x08003288   0x08003288   0x00000018   Code   RO         4372    i.OS_PrioInit       os_prio.o
    0x080032a0   0x080032a0   0x00000024   Code   RO         4373    i.OS_PrioInsert     os_prio.o
    0x080032c4   0x080032c4   0x00000024   Code   RO         4374    i.OS_PrioRemove     os_prio.o
    0x080032e8   0x080032e8   0x00000018   Code   RO         4417    i.OS_QInit          os_q.o
    0x08003300   0x08003300   0x00000188   Code   RO         4418    i.OS_QPost          os_q.o
    0x08003488   0x08003488   0x00000024   Code   RO         3862    i.OS_RdyListInit    os_core.o
    0x080034ac   0x080034ac   0x0000002c   Code   RO         3863    i.OS_RdyListInsert  os_core.o
    0x080034d8   0x080034d8   0x00000040   Code   RO         3864    i.OS_RdyListInsertHead  os_core.o
    0x08003518   0x08003518   0x0000003c   Code   RO         3865    i.OS_RdyListInsertTail  os_core.o
    0x08003554   0x08003554   0x00000044   Code   RO         3866    i.OS_RdyListMoveHeadToTail  os_core.o
    0x08003598   0x08003598   0x0000005c   Code   RO         3867    i.OS_RdyListRemove  os_core.o
    0x080035f4   0x080035f4   0x0000005c   Code   RO         3868    i.OS_Sched0         os_core.o
    0x08003650   0x08003650   0x0000001c   Code   RO         3869    i.OS_SchedLockTimeMeasStart  os_core.o
    0x0800366c   0x0800366c   0x0000003c   Code   RO         3870    i.OS_SchedLockTimeMeasStop  os_core.o
    0x080036a8   0x080036a8   0x000000ec   Code   RO         3871    i.OS_SchedRoundRobin  os_core.o
    0x08003794   0x08003794   0x00000030   Code   RO         4487    i.OS_SemDbgListAdd  os_sem.o
    0x080037c4   0x080037c4   0x00000018   Code   RO         4489    i.OS_SemInit        os_sem.o
    0x080037dc   0x080037dc   0x00000198   Code   RO         4490    i.OS_SemPost        os_sem.o
    0x08003974   0x08003974   0x000003b8   Code   RO         4554    i.OS_StatTask       os_stat.o
    0x08003d2c   0x08003d2c   0x000000cc   Code   RO         4555    i.OS_StatTaskInit   os_stat.o
    0x08003df8   0x08003df8   0x00000038   Code   RO         3872    i.OS_TaskBlock      os_core.o
    0x08003e30   0x08003e30   0x00000030   Code   RO         4600    i.OS_TaskDbgListAdd  os_task.o
    0x08003e60   0x08003e60   0x00000044   Code   RO         4601    i.OS_TaskDbgListRemove  os_task.o
    0x08003ea4   0x08003ea4   0x00000020   Code   RO         4602    i.OS_TaskInit       os_task.o
    0x08003ec4   0x08003ec4   0x000000d0   Code   RO         4603    i.OS_TaskInitTCB    os_task.o
    0x08003f94   0x08003f94   0x0000026c   Code   RO         4604    i.OS_TaskQPost      os_task.o
    0x08004200   0x08004200   0x0000001c   Code   RO         3873    i.OS_TaskRdy        os_core.o
    0x0800421c   0x0800421c   0x0000017c   Code   RO         4605    i.OS_TaskResume     os_task.o
    0x08004398   0x08004398   0x00000018   Code   RO         4606    i.OS_TaskReturn     os_task.o
    0x080043b0   0x080043b0   0x000005a8   Code   RO         4607    i.OS_TaskSemPost    os_task.o
    0x08004958   0x08004958   0x00000190   Code   RO         4608    i.OS_TaskSuspend    os_task.o
    0x08004ae8   0x08004ae8   0x00000028   Code   RO         4750    i.OS_TickListInit   os_tick.o
    0x08004b10   0x08004b10   0x000001bc   Code   RO         4751    i.OS_TickListInsert  os_tick.o
    0x08004ccc   0x08004ccc   0x00000038   Code   RO         4752    i.OS_TickListRemove  os_tick.o
    0x08004d04   0x08004d04   0x00000024   Code   RO         4753    i.OS_TickListResetPeak  os_tick.o
    0x08004d28   0x08004d28   0x00000220   Code   RO         4754    i.OS_TickListUpdate  os_tick.o
    0x08004f48   0x08004f48   0x0000002c   Code   RO         4755    i.OS_TickTask       os_tick.o
    0x08004f74   0x08004f74   0x000000b8   Code   RO         4756    i.OS_TickTaskInit   os_tick.o
    0x0800502c   0x0800502c   0x00000028   Code   RO         4847    i.OS_TmrDbgListAdd  os_tmr.o
    0x08005054   0x08005054   0x00000128   Code   RO         4849    i.OS_TmrInit        os_tmr.o
    0x0800517c   0x0800517c   0x000000d0   Code   RO         4850    i.OS_TmrLink        os_tmr.o
    0x0800524c   0x0800524c   0x00000024   Code   RO         4851    i.OS_TmrResetPeak   os_tmr.o
    0x08005270   0x08005270   0x000000c0   Code   RO         4852    i.OS_TmrTask        os_tmr.o
    0x08005330   0x08005330   0x00000050   Code   RO         4853    i.OS_TmrUnlink      os_tmr.o
    0x08005380   0x08005380   0x00000020   Code   RO         1926    i.RCC_APB2PeriphClockCmd  stm32f10x_rcc.o
    0x080053a0   0x080053a0   0x000000d4   Code   RO         1934    i.RCC_GetClocksFreq  stm32f10x_rcc.o
    0x08005474   0x08005474   0x00000002   Code   RO          233    i.SVC_Handler       stm32f10x_it.o
    0x08005476   0x08005476   0x00000008   Code   RO          305    i.SetSysClock       system_stm32f10x.o
    0x0800547e   0x0800547e   0x00000002   PAD
    0x08005480   0x08005480   0x000000e0   Code   RO          306    i.SetSysClockTo72   system_stm32f10x.o
    0x08005560   0x08005560   0x00000028   Code   RO          361    i.SysTick_CLKSourceConfig  misc.o
    0x08005588   0x08005588   0x0000001c   Code   RO         3324    i.SysTick_Handler   delay.o
    0x080055a4   0x080055a4   0x00000060   Code   RO          308    i.SystemInit        system_stm32f10x.o
    0x08005604   0x08005604   0x00000090   Code   RO         3402    i.USART1_IRQHandler  usart.o
    0x08005694   0x08005694   0x00000018   Code   RO         3094    i.USART_Cmd         stm32f10x_usart.o
    0x080056ac   0x080056ac   0x00000054   Code   RO         3098    i.USART_GetITStatus  stm32f10x_usart.o
    0x08005700   0x08005700   0x0000004a   Code   RO         3100    i.USART_ITConfig    stm32f10x_usart.o
    0x0800574a   0x0800574a   0x00000002   PAD
    0x0800574c   0x0800574c   0x000000d8   Code   RO         3101    i.USART_Init        stm32f10x_usart.o
    0x08005824   0x08005824   0x0000000a   Code   RO         3108    i.USART_ReceiveData  stm32f10x_usart.o
    0x0800582e   0x0800582e   0x00000004   Code   RO          234    i.UsageFault_Handler  stm32f10x_it.o
    0x08005832   0x08005832   0x00000002   PAD
    0x08005834   0x08005834   0x0000004c   Code   RO         3456    i.Usr_Gpio_Init     gpio.o
    0x08005880   0x08005880   0x00000006   Code   RO         3403    i._sys_exit         usart.o
    0x08005886   0x08005886   0x00000002   PAD
    0x08005888   0x08005888   0x00000070   Code   RO         3325    i.delay_init        delay.o
    0x080058f8   0x080058f8   0x00000050   Code   RO         3326    i.delay_ms          delay.o
    0x08005948   0x08005948   0x0000000a   Code   RO         3327    i.delay_osschedlock  delay.o
    0x08005952   0x08005952   0x0000000a   Code   RO         3328    i.delay_osschedunlock  delay.o
    0x0800595c   0x0800595c   0x00000010   Code   RO         3329    i.delay_ostimedly   delay.o
    0x0800596c   0x0800596c   0x0000005c   Code   RO         3330    i.delay_us          delay.o
    0x080059c8   0x080059c8   0x0000001c   Code   RO         3404    i.fputc             usart.o
    0x080059e4   0x080059e4   0x00000038   Code   RO            1    i.gTMR_callback     main.o
    0x08005a1c   0x08005a1c   0x00000038   Code   RO            2    i.high_task         main.o
    0x08005a54   0x08005a54   0x00000048   Code   RO            3    i.led_task          main.o
    0x08005a9c   0x08005a9c   0x0000004c   Code   RO            4    i.low_task          main.o
    0x08005ae8   0x08005ae8   0x00000110   Code   RO            5    i.main              main.o
    0x08005bf8   0x08005bf8   0x000001fc   Code   RO            6    i.start_task        main.o
    0x08005df4   0x08005df4   0x000000a0   Code   RO         3405    i.uart_init         usart.o
    0x08005e94   0x08005e94   0x00000026   Code   RO            7    i.usr_my_init       main.o
    0x08005eba   0x08005eba   0x00000002   PAD
    0x08005ebc   0x08005ebc   0x000000a4   Data   RO         3813    .constdata          os_cfg_app.o
    0x08005f60   0x08005f60   0x0000016c   Data   RO         4081    .constdata          os_dbg.o
    0x080060cc   0x080060cc   0x00000020   Data   RO         5640    Region$$Table       anon$$obj.o


    Execution Region RW_IRAM1 (Exec base: 0x20000000, Load base: 0x080060ec, Size: 0x00003568, Max: 0x00005000, ABSOLUTE, COMPRESSED[0x0000001c])

    Exec Addr    Load Addr    Size         Type   Attr      Idx    E Section Name        Object

    0x20000000   COMPRESSED   0x00000004   Data   RW            9    .data               main.o
    0x20000004   COMPRESSED   0x00000014   Data   RW          309    .data               system_stm32f10x.o
    0x20000018   COMPRESSED   0x00000014   Data   RW         1954    .data               stm32f10x_rcc.o
    0x2000002c   COMPRESSED   0x00000004   Data   RW         3331    .data               delay.o
    0x20000030   COMPRESSED   0x00000006   Data   RW         3407    .data               usart.o
    0x20000036   COMPRESSED   0x00000001   Data   RW         3457    .data               gpio.o
    0x20000037   COMPRESSED   0x00000001   PAD
    0x20000038   COMPRESSED   0x0000001c   Data   RW         3535    .data               cpu_core.o
    0x20000054   COMPRESSED   0x00000004   Data   RW         3744    .data               os_cpu_c.o
    0x20000058   COMPRESSED   0x00000008   Data   RW         4375    .data               os_prio.o
    0x20000060   COMPRESSED   0x000000d0   Data   RW         4931    .data               os_var.o
    0x20000130        -       0x0000117c   Zero   RW            8    .bss                main.o
    0x200012ac        -       0x000000c8   Zero   RW         3406    .bss                usart.o
    0x20001374        -       0x00000010   Zero   RW         3533    .bss                cpu_core.o
    0x20001384        -       0x00001490   Zero   RW         3812    .bss                os_cfg_app.o
    0x20002814        -       0x000006f4   Zero   RW         4930    .bss                os_var.o
    0x20002f08        -       0x00000060   Zero   RW         5518    .bss                c_w.l(libspace.o)
    0x20002f68        -       0x00000200   Zero   RW          351    HEAP                startup_stm32f10x_md.o
    0x20003168        -       0x00000400   Zero   RW          350    STACK               startup_stm32f10x_md.o


==============================================================================

Image component sizes


      Code (inc. data)   RO Data    RW Data    ZI Data      Debug   Object Name

        80         14          0          0          0       1382   bsp.o
         0          0          0          0          0         32   core_cm3.o
        52          0          0          0          0        308   cpu_a.o
       540         98          0         28         16      15725   cpu_core.o
       348         44          0          4          0       3513   delay.o
       164         12          0          1          0       1039   gpio.o
        56          6          0          0          0        443   led.o
       116          0          0          0          0       1808   lib_mem.o
      1078        256          0          4       4476     276489   main.o
       172         22          0          0          0       1889   misc.o
         2          0        164          0       5264      20778   os_cfg_app.o
      3114        424          0          0          0      19558   os_core.o
       152         32          0          0          0        364   os_cpu_a.o
       544         60          0          4          0       6428   os_cpu_c.o
       436        286        364          0          0       4665   os_dbg.o
       746         28          0          0          0       2905   os_flag.o
      1176        204          0          0          0       3250   os_int.o
        24         10          0          0          0        773   os_mem.o
       466         26          0          0          0       2977   os_msg.o
        24         10          0          0          0        775   os_mutex.o
       136         16          0          8          0       2538   os_prio.o
       416         20          0          0          0       2062   os_q.o
       708         42          0          0          0       3347   os_sem.o
      1772        214          0          0          0       3819   os_stat.o
      5460        260          0          0          0      13060   os_task.o
      1348        124          0          0          0       5077   os_tick.o
       960         46          0          0          0       2925   os_time.o
      1336        168          0          0          0       6154   os_tmr.o
         0          0          0        208       1780      19401   os_var.o
        64         26        236          0       1536        764   startup_stm32f10x_md.o
       304          0          0          0          0       3448   stm32f10x_gpio.o
        22          0          0          0          0       2587   stm32f10x_it.o
       244         26          0         20          0       3701   stm32f10x_rcc.o
       408          6          0          0          0       4742   stm32f10x_usart.o
       328         28          0         20          0       1877   system_stm32f10x.o
       338         26          0          6        200       3920   usart.o

    ----------------------------------------------------------------------
     23156       2534        796        304      13272     444523   Object Totals
         0          0         32          0          0          0   (incl. Generated)
        22          0          0          1          0          0   (incl. Padding)

    ----------------------------------------------------------------------

      Code (inc. data)   RO Data    RW Data    ZI Data      Debug   Library Member Name

        90          0          0          0          0          0   __dczerorl2.o
         8          0          0          0          0         68   __main.o
       104          0          0          0          0         84   __printf.o
         0          0          0          0          0          0   __rtentry.o
        12          0          0          0          0          0   __rtentry2.o
         6          0          0          0          0          0   __rtentry4.o
        52          8          0          0          0          0   __scatter.o
        28          0          0          0          0          0   __scatter_zi.o
        48          6          0          0          0         96   _printf_char_common.o
        36          4          0          0          0         80   _printf_char_file.o
         6          0          0          0          0          0   _printf_d.o
       120         16          0          0          0         92   _printf_dec.o
       178          0          0          0          0         88   _printf_intcommon.o
         0          0          0          0          0          0   _printf_percent.o
         4          0          0          0          0          0   _printf_percent_end.o
        18          0          0          0          0         80   exit.o
         8          0          0          0          0         68   ferror.o
         6          0          0          0          0        152   heapauxi.o
         2          0          0          0          0          0   libinit.o
         2          0          0          0          0          0   libinit2.o
         2          0          0          0          0          0   libshutdown.o
         2          0          0          0          0          0   libshutdown2.o
         8          4          0          0         96         68   libspace.o
        24          4          0          0          0         84   noretval__2printf.o
         2          0          0          0          0          0   rtexit.o
        10          0          0          0          0          0   rtexit2.o
        74          0          0          0          0         80   sys_stackheap_outer.o
         2          0          0          0          0         68   use_no_semi.o
         2          0          0          0          0         68   use_no_semi_2.o

    ----------------------------------------------------------------------
       860         42          0          0         96       1176   Library Totals
         6          0          0          0          0          0   (incl. Padding)

    ----------------------------------------------------------------------

      Code (inc. data)   RO Data    RW Data    ZI Data      Debug   Library Name

       854         42          0          0         96       1176   c_w.l

    ----------------------------------------------------------------------
       860         42          0          0         96       1176   Library Totals

    ----------------------------------------------------------------------

==============================================================================


      Code (inc. data)   RO Data    RW Data    ZI Data      Debug   

     24016       2576        796        304      13368     436803   Grand Totals
     24016       2576        796         28      13368     436803   ELF Image Totals (compressed)
     24016       2576        796         28          0          0   ROM Totals

==============================================================================

    Total RO  Size (Code + RO Data)                24812 (  24.23kB)
    Total RW  Size (RW Data + ZI Data)             13672 (  13.35kB)
    Total ROM Size (Code + RO Data + RW Data)      24840 (  24.26kB)

==============================================================================

